Component: ARM Compiler 5.06 update 6 (build 750) Tool: armlink [4d35ed]

==============================================================================

Section Cross References

    system_stm32f10x.o(i.SetSysClock) refers to system_stm32f10x.o(i.SetSysClockTo72) for SetSysClockTo72
    system_stm32f10x.o(i.SystemCoreClockUpdate) refers to system_stm32f10x.o(.data) for SystemCoreClock
    system_stm32f10x.o(i.SystemInit) refers to system_stm32f10x.o(i.SetSysClock) for SetSysClock
    main.o(i.main) refers to system_stm32f10x.o(i.SystemInit) for SystemInit
    main.o(i.main) refers to delay.o(i.delay_init) for delay_init
    main.o(i.main) refers to led.o(i.LED_Init) for LED_Init
    main.o(i.main) refers to led.o(i.LED_On) for LED_On
    main.o(i.main) refers to mq135.o(i.MQ135_Init) for MQ135_Init
    main.o(i.main) refers to usart.o(i.USART1_Config) for USART1_Config
    main.o(i.main) refers to oled.o(i.OLED_Init) for OLED_Init
    main.o(i.main) refers to printfa.o(i.__0printf) for __2printf
    main.o(i.main) refers to delay.o(i.delay_ms) for delay_ms
    main.o(i.main) refers to oled.o(i.OLED_Clear) for OLED_Clear
    main.o(i.main) refers to oled.o(i.OLED_ShowChinese) for OLED_ShowChinese
    main.o(i.main) refers to oled.o(i.OLED_ShowChar) for OLED_ShowChar
    main.o(i.main) refers to led.o(i.LED_Toggle) for LED_Toggle
    main.o(i.main) refers to mq135.o(i.MQ135_GetData) for MQ135_GetData
    main.o(i.main) refers to oled.o(i.OLED_ShowNum) for OLED_ShowNum
    main.o(i.main) refers to mq135.o(i.MQ135_GetData_PPM) for MQ135_GetData_PPM
    main.o(i.main) refers to f2d.o(.text) for __aeabi_f2d
    main.o(i.main) refers to printfa.o(i.__0sprintf) for __2sprintf
    main.o(i.main) refers to oled.o(i.OLED_ShowString) for OLED_ShowString
    main.o(i.main) refers to main.o(.data) for value
    main.o(i.main) refers to main.o(.bss) for buff
    led.o(i.LED_Init) refers to stm32f10x_rcc.o(i.RCC_APB2PeriphClockCmd) for RCC_APB2PeriphClockCmd
    led.o(i.LED_Init) refers to stm32f10x_gpio.o(i.GPIO_Init) for GPIO_Init
    led.o(i.LED_Init) refers to stm32f10x_gpio.o(i.GPIO_ResetBits) for GPIO_ResetBits
    led.o(i.LED_Off) refers to stm32f10x_gpio.o(i.GPIO_SetBits) for GPIO_SetBits
    led.o(i.LED_On) refers to stm32f10x_gpio.o(i.GPIO_ResetBits) for GPIO_ResetBits
    led.o(i.LED_Toggle) refers to stm32f10x_gpio.o(i.GPIO_ReadOutputDataBit) for GPIO_ReadOutputDataBit
    led.o(i.LED_Toggle) refers to stm32f10x_gpio.o(i.GPIO_WriteBit) for GPIO_WriteBit
    led.o(i.LED_Twinkle) refers to led.o(i.LED_On) for LED_On
    led.o(i.LED_Twinkle) refers to delay.o(i.delay_ms) for delay_ms
    led.o(i.LED_Twinkle) refers to led.o(i.LED_Off) for LED_Off
    oled.o(i.OLED_Clear) refers to oled.o(i.OLED_Refresh) for OLED_Refresh
    oled.o(i.OLED_Clear) refers to oled.o(.bss) for OLED_GRAM
    oled.o(i.OLED_ColorTurn) refers to oled.o(i.OLED_WR_Byte) for OLED_WR_Byte
    oled.o(i.OLED_DisPlay_Off) refers to oled.o(i.OLED_WR_Byte) for OLED_WR_Byte
    oled.o(i.OLED_DisPlay_On) refers to oled.o(i.OLED_WR_Byte) for OLED_WR_Byte
    oled.o(i.OLED_DisplayTurn) refers to oled.o(i.OLED_WR_Byte) for OLED_WR_Byte
    oled.o(i.OLED_DrawCircle) refers to oled.o(i.OLED_DrawPoint) for OLED_DrawPoint
    oled.o(i.OLED_DrawLine) refers to oled.o(i.OLED_DrawPoint) for OLED_DrawPoint
    oled.o(i.OLED_DrawPoint) refers to oled.o(.bss) for OLED_GRAM
    oled.o(i.OLED_I2C_Start) refers to stm32f10x_gpio.o(i.GPIO_SetBits) for GPIO_SetBits
    oled.o(i.OLED_I2C_Start) refers to oled.o(i.IIC_delay) for IIC_delay
    oled.o(i.OLED_I2C_Start) refers to stm32f10x_gpio.o(i.GPIO_ResetBits) for GPIO_ResetBits
    oled.o(i.OLED_I2C_Stop) refers to stm32f10x_gpio.o(i.GPIO_ResetBits) for GPIO_ResetBits
    oled.o(i.OLED_I2C_Stop) refers to stm32f10x_gpio.o(i.GPIO_SetBits) for GPIO_SetBits
    oled.o(i.OLED_I2C_Stop) refers to oled.o(i.IIC_delay) for IIC_delay
    oled.o(i.OLED_I2C_WaitAck) refers to stm32f10x_gpio.o(i.GPIO_SetBits) for GPIO_SetBits
    oled.o(i.OLED_I2C_WaitAck) refers to oled.o(i.IIC_delay) for IIC_delay
    oled.o(i.OLED_I2C_WaitAck) refers to stm32f10x_gpio.o(i.GPIO_ResetBits) for GPIO_ResetBits
    oled.o(i.OLED_Init) refers to stm32f10x_rcc.o(i.RCC_APB2PeriphClockCmd) for RCC_APB2PeriphClockCmd
    oled.o(i.OLED_Init) refers to stm32f10x_gpio.o(i.GPIO_Init) for GPIO_Init
    oled.o(i.OLED_Init) refers to stm32f10x_gpio.o(i.GPIO_SetBits) for GPIO_SetBits
    oled.o(i.OLED_Init) refers to delay.o(i.delay_ms) for delay_ms
    oled.o(i.OLED_Init) refers to oled.o(i.OLED_WR_Byte) for OLED_WR_Byte
    oled.o(i.OLED_Init) refers to oled.o(i.OLED_Clear) for OLED_Clear
    oled.o(i.OLED_Refresh) refers to oled.o(i.OLED_WR_Byte) for OLED_WR_Byte
    oled.o(i.OLED_Refresh) refers to oled.o(i.OLED_I2C_Start) for OLED_I2C_Start
    oled.o(i.OLED_Refresh) refers to oled.o(i.OLED_Send_Byte) for OLED_Send_Byte
    oled.o(i.OLED_Refresh) refers to oled.o(i.OLED_I2C_WaitAck) for OLED_I2C_WaitAck
[...]
    printf1.o(i.__0vprintf$1) refers to usart.o(i.fputc) for fputc
    printf1.o(i.__0vprintf$1) refers to stdout.o(.data) for __stdout
    printf1.o(i.__0vsnprintf$1) refers to printf1.o(i._printf_core) for _printf_core
    printf1.o(i.__0vsnprintf$1) refers to printf1.o(i._snputc) for _snputc
    printf1.o(i.__0vsprintf$1) refers to printf1.o(i._printf_core) for _printf_core
    printf1.o(i.__0vsprintf$1) refers to printf1.o(i._sputc) for _sputc
    printf1.o(i._printf_core) refers to uidiv.o(.text) for __aeabi_uidivmod
    printf2.o(i.__0fprintf$2) refers to printf2.o(i._printf_core) for _printf_core
    printf2.o(i.__0fprintf$2) refers to usart.o(i.fputc) for fputc
    printf2.o(i.__0printf$2) refers to printf2.o(i._printf_core) for _printf_core
    printf2.o(i.__0printf$2) refers to usart.o(i.fputc) for fputc
    printf2.o(i.__0printf$2) refers to stdout.o(.data) for __stdout
    printf2.o(i.__0snprintf$2) refers to printf2.o(i._printf_core) for _printf_core
    printf2.o(i.__0snprintf$2) refers to printf2.o(i._snputc) for _snputc
    printf2.o(i.__0sprintf$2) refers to printf2.o(i._printf_core) for _printf_core
    printf2.o(i.__0sprintf$2) refers to printf2.o(i._sputc) for _sputc
    printf2.o(i.__0vfprintf$2) refers to printf2.o(i._printf_core) for _printf_core
    printf2.o(i.__0vfprintf$2) refers to usart.o(i.fputc) for fputc
    printf2.o(i.__0vprintf$2) refers to printf2.o(i._printf_core) for _printf_core
    printf2.o(i.__0vprintf$2) refers to usart.o(i.fputc) for fputc
    printf2.o(i.__0vprintf$2) refers to stdout.o(.data) for __stdout
    printf2.o(i.__0vsnprintf$2) refers to printf2.o(i._printf_core) for _printf_core
    printf2.o(i.__0vsnprintf$2) refers to printf2.o(i._snputc) for _snputc
    printf2.o(i.__0vsprintf$2) refers to printf2.o(i._printf_core) for _printf_core
    printf2.o(i.__0vsprintf$2) refers to printf2.o(i._sputc) for _sputc
    printf3.o(i.__0fprintf$3) refers to printf3.o(i._printf_core) for _printf_core
    printf3.o(i.__0fprintf$3) refers to usart.o(i.fputc) for fputc
    printf3.o(i.__0printf$3) refers to printf3.o(i._printf_core) for _printf_core
    printf3.o(i.__0printf$3) refers to usart.o(i.fputc) for fputc
    printf3.o(i.__0printf$3) refers to stdout.o(.data) for __stdout
    printf3.o(i.__0snprintf$3) refers to printf3.o(i._printf_core) for _printf_core
    printf3.o(i.__0snprintf$3) refers to printf3.o(i._snputc) for _snputc
    printf3.o(i.__0sprintf$3) refers to printf3.o(i._printf_core) for _printf_core
    printf3.o(i.__0sprintf$3) refers to printf3.o(i._sputc) for _sputc
    printf3.o(i.__0vfprintf$3) refers to printf3.o(i._printf_core) for _printf_core
    printf3.o(i.__0vfprintf$3) refers to usart.o(i.fputc) for fputc
    printf3.o(i.__0vprintf$3) refers to printf3.o(i._printf_core) for _printf_core
    printf3.o(i.__0vprintf$3) refers to usart.o(i.fputc) for fputc
    printf3.o(i.__0vprintf$3) refers to stdout.o(.data) for __stdout
    printf3.o(i.__0vsnprintf$3) refers to printf3.o(i._printf_core) for _printf_core
    printf3.o(i.__0vsnprintf$3) refers to printf3.o(i._snputc) for _snputc
    printf3.o(i.__0vsprintf$3) refers to printf3.o(i._printf_core) for _printf_core
    printf3.o(i.__0vsprintf$3) refers to printf3.o(i._sputc) for _sputc
    printf3.o(i._printf_core) refers to uidiv.o(.text) for __aeabi_uidivmod
    printf4.o(i.__0fprintf$4) refers to printf4.o(i._printf_core) for _printf_core
    printf4.o(i.__0fprintf$4) refers to usart.o(i.fputc) for fputc
    printf4.o(i.__0printf$4) refers to printf4.o(i._printf_core) for _printf_core
    printf4.o(i.__0printf$4) refers to usart.o(i.fputc) for fputc
    printf4.o(i.__0printf$4) refers to stdout.o(.data) for __stdout
    printf4.o(i.__0snprintf$4) refers to printf4.o(i._printf_core) for _printf_core
    printf4.o(i.__0snprintf$4) refers to printf4.o(i._snputc) for _snputc
    printf4.o(i.__0sprintf$4) refers to printf4.o(i._printf_core) for _printf_core
    printf4.o(i.__0sprintf$4) refers to printf4.o(i._sputc) for _sputc
    printf4.o(i.__0vfprintf$4) refers to printf4.o(i._printf_core) for _printf_core
    printf4.o(i.__0vfprintf$4) refers to usart.o(i.fputc) for fputc
    printf4.o(i.__0vprintf$4) refers to printf4.o(i._printf_core) for _printf_core
    printf4.o(i.__0vprintf$4) refers to usart.o(i.fputc) for fputc
    printf4.o(i.__0vprintf$4) refers to stdout.o(.data) for __stdout
    printf4.o(i.__0vsnprintf$4) refers to printf4.o(i._printf_core) for _printf_core
    printf4.o(i.__0vsnprintf$4) refers to printf4.o(i._snputc) for _snputc
    printf4.o(i.__0vsprintf$4) refers to printf4.o(i._printf_core) for _printf_core
    printf4.o(i.__0vsprintf$4) refers to printf4.o(i._sputc) for _sputc
    printf4.o(i._printf_core) refers to uldiv.o(.text) for __aeabi_uldivmod
    printf5.o(i.__0fprintf$5) refers to printf5.o(i._printf_core) for _printf_core
    printf5.o(i.__0fprintf$5) refers to usart.o(i.fputc) for fputc
    printf5.o(i.__0printf$5) refers to printf5.o(i._printf_core) for _printf_core
    printf5.o(i.__0printf$5) refers to usart.o(i.fputc) for fputc
    printf5.o(i.__0printf$5) refers to stdout.o(.data) for __stdout
    printf5.o(i.__0snprintf$5) refers to printf5.o(i._printf_core) for _printf_core
    printf5.o(i.__0snprintf$5) refers to printf5.o(i._snputc) for _snputc
    printf5.o(i.__0sprintf$5) refers to printf5.o(i._printf_core) for _printf_core
    printf5.o(i.__0sprintf$5) refers to printf5.o(i._sputc) for _sputc
    printf5.o(i.__0vfprintf$5) refers to printf5.o(i._printf_core) for _printf_core
    printf5.o(i.__0vfprintf$5) refers to usart.o(i.fputc) for fputc
    printf5.o(i.__0vprintf$5) refers to printf5.o(i._printf_core) for _printf_core
    printf5.o(i.__0vprintf$5) refers to usart.o(i.fputc) for fputc
    printf5.o(i.__0vprintf$5) refers to stdout.o(.data) for __stdout
    printf5.o(i.__0vsnprintf$5) refers to printf5.o(i._printf_core) for _printf_core
    printf5.o(i.__0vsnprintf$5) refers to printf5.o(i._snputc) for _snputc
    printf5.o(i.__0vsprintf$5) refers to printf5.o(i._printf_core) for _printf_core
    printf5.o(i.__0vsprintf$5) refers to printf5.o(i._sputc) for _sputc
    printf5.o(i._printf_core) refers to uldiv.o(.text) for __aeabi_uldivmod
    printf6.o(i.__0fprintf$6) refers to printf6.o(i._printf_core) for _printf_core
    printf6.o(i.__0fprintf$6) refers to usart.o(i.fputc) for fputc
    printf6.o(i.__0printf$6) refers to printf6.o(i._printf_core) for _printf_core
    printf6.o(i.__0printf$6) refers to usart.o(i.fputc) for fputc
    printf6.o(i.__0printf$6) refers to stdout.o(.data) for __stdout
    printf6.o(i.__0snprintf$6) refers to printf6.o(i._printf_core) for _printf_core
    printf6.o(i.__0snprintf$6) refers to printf6.o(i._snputc) for _snputc
    printf6.o(i.__0sprintf$6) refers to printf6.o(i._printf_core) for _printf_core
    printf6.o(i.__0sprintf$6) refers to printf6.o(i._sputc) for _sputc
    printf6.o(i.__0vfprintf$6) refers to printf6.o(i._printf_core) for _printf_core
    printf6.o(i.__0vfprintf$6) refers to usart.o(i.fputc) for fputc
    printf6.o(i.__0vprintf$6) refers to printf6.o(i._printf_core) for _printf_core
    printf6.o(i.__0vprintf$6) refers to usart.o(i.fputc) for fputc
    printf6.o(i.__0vprintf$6) refers to stdout.o(.data) for __stdout
    printf6.o(i.__0vsnprintf$6) refers to printf6.o(i._printf_core) for _printf_core
    printf6.o(i.__0vsnprintf$6) refers to printf6.o(i._snputc) for _snputc
    printf6.o(i.__0vsprintf$6) refers to printf6.o(i._printf_core) for _printf_core
    printf6.o(i.__0vsprintf$6) refers to printf6.o(i._sputc) for _sputc
    printf6.o(i._printf_core) refers to printf6.o(i._printf_pre_padding) for _printf_pre_padding
    printf6.o(i._printf_core) refers to uidiv.o(.text) for __aeabi_uidivmod
    printf6.o(i._printf_core) refers to printf6.o(i._printf_post_padding) for _printf_post_padding
    printf7.o(i.__0fprintf$7) refers to printf7.o(i._printf_core) for _printf_core
    printf7.o(i.__0fprintf$7) refers to usart.o(i.fputc) for fputc
    printf7.o(i.__0printf$7) refers to printf7.o(i._printf_core) for _printf_core
    printf7.o(i.__0printf$7) refers to usart.o(i.fputc) for fputc
    printf7.o(i.__0printf$7) refers to stdout.o(.data) for __stdout
    printf7.o(i.__0snprintf$7) refers to printf7.o(i._printf_core) for _printf_core
    printf7.o(i.__0snprintf$7) refers to printf7.o(i._snputc) for _snputc
    printf7.o(i.__0sprintf$7) refers to printf7.o(i._printf_core) for _printf_core
    printf7.o(i.__0sprintf$7) refers to printf7.o(i._sputc) for _sputc
    printf7.o(i.__0vfprintf$7) refers to printf7.o(i._printf_core) for _printf_core
    printf7.o(i.__0vfprintf$7) refers to usart.o(i.fputc) for fputc
    printf7.o(i.__0vprintf$7) refers to printf7.o(i._printf_core) for _printf_core
    printf7.o(i.__0vprintf$7) refers to usart.o(i.fputc) for fputc
    printf7.o(i.__0vprintf$7) refers to stdout.o(.data) for __stdout
    printf7.o(i.__0vsnprintf$7) refers to printf7.o(i._printf_core) for _printf_core
    printf7.o(i.__0vsnprintf$7) refers to printf7.o(i._snputc) for _snputc
    printf7.o(i.__0vsprintf$7) refers to printf7.o(i._printf_core) for _printf_core
    printf7.o(i.__0vsprintf$7) refers to printf7.o(i._sputc) for _sputc
    printf7.o(i._printf_core) refers to printf7.o(i._printf_pre_padding) for _printf_pre_padding
    printf7.o(i._printf_core) refers to uldiv.o(.text) for __aeabi_uldivmod
    printf7.o(i._printf_core) refers to printf7.o(i._printf_post_padding) for _printf_post_padding
    printf8.o(i.__0fprintf$8) refers to printf8.o(i._printf_core) for _printf_core
    printf8.o(i.__0fprintf$8) refers to usart.o(i.fputc) for fputc
    printf8.o(i.__0printf$8) refers to printf8.o(i._printf_core) for _printf_core
    printf8.o(i.__0printf$8) refers to usart.o(i.fputc) for fputc
    printf8.o(i.__0printf$8) refers to stdout.o(.data) for __stdout
    printf8.o(i.__0snprintf$8) refers to printf8.o(i._printf_core) for _printf_core
    printf8.o(i.__0snprintf$8) refers to printf8.o(i._snputc) for _snputc
    printf8.o(i.__0sprintf$8) refers to printf8.o(i._printf_core) for _printf_core
    printf8.o(i.__0sprintf$8) refers to printf8.o(i._sputc) for _sputc
    printf8.o(i.__0vfprintf$8) refers to printf8.o(i._printf_core) for _printf_core
    printf8.o(i.__0vfprintf$8) refers to usart.o(i.fputc) for fputc
    printf8.o(i.__0vprintf$8) refers to printf8.o(i._printf_core) for _printf_core
    printf8.o(i.__0vprintf$8) refers to usart.o(i.fputc) for fputc
    printf8.o(i.__0vprintf$8) refers to stdout.o(.data) for __stdout
    printf8.o(i.__0vsnprintf$8) refers to printf8.o(i._printf_core) for _printf_core
    printf8.o(i.__0vsnprintf$8) refers to printf8.o(i._snputc) for _snputc
    printf8.o(i.__0vsprintf$8) refers to printf8.o(i._printf_core) for _printf_core
    printf8.o(i.__0vsprintf$8) refers to printf8.o(i._sputc) for _sputc
    printf8.o(i._printf_core) refers to printf8.o(i._printf_pre_padding) for _printf_pre_padding
    printf8.o(i._printf_core) refers to uldiv.o(.text) for __aeabi_uldivmod
    printf8.o(i._printf_core) refers to printf8.o(i._printf_post_padding) for _printf_post_padding
    printfa.o(i.__0fprintf) refers (Special) to iusefp.o(.text) for __I$use$fp
    printfa.o(i.__0fprintf) refers to printfa.o(i._printf_core) for _printf_core
    printfa.o(i.__0fprintf) refers to usart.o(i.fputc) for fputc
    printfa.o(i.__0printf) refers (Special) to iusefp.o(.text) for __I$use$fp
    printfa.o(i.__0printf) refers to printfa.o(i._printf_core) for _printf_core
    printfa.o(i.__0printf) refers to usart.o(i.fputc) for fputc
    printfa.o(i.__0printf) refers to stdout.o(.data) for __stdout
    printfa.o(i.__0snprintf) refers (Special) to iusefp.o(.text) for __I$use$fp
    printfa.o(i.__0snprintf) refers to printfa.o(i._printf_core) for _printf_core
    printfa.o(i.__0snprintf) refers to printfa.o(i._snputc) for _snputc
    printfa.o(i.__0sprintf) refers (Special) to iusefp.o(.text) for __I$use$fp
    printfa.o(i.__0sprintf) refers to printfa.o(i._printf_core) for _printf_core
    printfa.o(i.__0sprintf) refers to printfa.o(i._sputc) for _sputc
    printfa.o(i.__0vfprintf) refers (Special) to iusefp.o(.text) for __I$use$fp
    printfa.o(i.__0vfprintf) refers to printfa.o(i._printf_core) for _printf_core
    printfa.o(i.__0vfprintf) refers to usart.o(i.fputc) for fputc
    printfa.o(i.__0vprintf) refers (Special) to iusefp.o(.text) for __I$use$fp
    printfa.o(i.__0vprintf) refers to printfa.o(i._printf_core) for _printf_core
    printfa.o(i.__0vprintf) refers to usart.o(i.fputc) for fputc
    printfa.o(i.__0vprintf) refers to stdout.o(.data) for __stdout
    printfa.o(i.__0vsnprintf) refers (Special) to iusefp.o(.text) for __I$use$fp
    printfa.o(i.__0vsnprintf) refers to printfa.o(i._printf_core) for _printf_core
    printfa.o(i.__0vsnprintf) refers to printfa.o(i._snputc) for _snputc
    printfa.o(i.__0vsprintf) refers (Special) to iusefp.o(.text) for __I$use$fp
    printfa.o(i.__0vsprintf) refers to printfa.o(i._printf_core) for _printf_core
    printfa.o(i.__0vsprintf) refers to printfa.o(i._sputc) for _sputc
    printfa.o(i._fp_digits) refers (Special) to iusefp.o(.text) for __I$use$fp
    printfa.o(i._fp_digits) refers to dmul.o(.text) for __aeabi_dmul
    printfa.o(i._fp_digits) refers to ddiv.o(.text) for __aeabi_ddiv
    printfa.o(i._fp_digits) refers to cdrcmple.o(.text) for __aeabi_cdrcmple
    printfa.o(i._fp_digits) refers to dadd.o(.text) for __aeabi_dadd
    printfa.o(i._fp_digits) refers to dfixul.o(.text) for __aeabi_d2ulz
    printfa.o(i._fp_digits) refers to uldiv.o(.text) for __aeabi_uldivmod
    printfa.o(i._printf_core) refers (Special) to iusefp.o(.text) for __I$use$fp
    printfa.o(i._printf_core) refers to printfa.o(i._printf_pre_padding) for _printf_pre_padding
    printfa.o(i._printf_core) refers to uldiv.o(.text) for __aeabi_uldivmod
    printfa.o(i._printf_core) refers to printfa.o(i._printf_post_padding) for _printf_post_padding
    printfa.o(i._printf_core) refers to printfa.o(i._fp_digits) for _fp_digits
    printfa.o(i._printf_core) refers to uidiv.o(.text) for __aeabi_uidivmod
    printfa.o(i._printf_post_padding) refers (Special) to iusefp.o(.text) for __I$use$fp
    printfa.o(i._printf_pre_padding) refers (Special) to iusefp.o(.text) for __I$use$fp
    printfa.o(i._snputc) refers (Special) to iusefp.o(.text) for __I$use$fp
    printfa.o(i._sputc) refers (Special) to iusefp.o(.text) for __I$use$fp
    fadd.o(.text) refers (Special) to iusefp.o(.text) for __I$use$fp
    fadd.o(.text) refers to fepilogue.o(.text) for _float_epilogue
    fmul.o(.text) refers (Special) to iusefp.o(.text) for __I$use$fp
    fdiv.o(.text) refers (Special) to iusefp.o(.text) for __I$use$fp
    fdiv.o(.text) refers to fepilogue.o(.text) for _float_round
    dmul.o(.text) refers (Special) to iusefp.o(.text) for __I$use$fp
    dmul.o(.text) refers to depilogue.o(.text) for _double_epilogue
    ddiv.o(.text) refers (Special) to iusefp.o(.text) for __I$use$fp
    ddiv.o(.text) refers to depilogue.o(.text) for _double_round
    ffltui.o(.text) refers (Special) to iusefp.o(.text) for __I$use$fp
    ffltui.o(.text) refers to fepilogue.o(.text) for _float_epilogue
    f2d.o(.text) refers (Special) to iusefp.o(.text) for __I$use$fp
    d2f.o(.text) refers (Special) to iusefp.o(.text) for __I$use$fp
    d2f.o(.text) refers to fepilogue.o(.text) for _float_round
    dunder.o(i.__mathlib_dbl_divzero) refers to ddiv.o(.text) for __aeabi_ddiv
    dunder.o(i.__mathlib_dbl_infnan) refers to dscalb.o(.text) for __ARM_scalbn
    dunder.o(i.__mathlib_dbl_infnan2) refers to dadd.o(.text) for __aeabi_dadd
    dunder.o(i.__mathlib_dbl_invalid) refers to ddiv.o(.text) for __aeabi_ddiv
    dunder.o(i.__mathlib_dbl_overflow) refers to dscalb.o(.text) for __ARM_scalbn
    dunder.o(i.__mathlib_dbl_posinfnan) refers to dmul.o(.text) for __aeabi_dmul
    dunder.o(i.__mathlib_dbl_underflow) refers to dscalb.o(.text) for __ARM_scalbn
    fpclassify.o(i.__ARM_fpclassify) refers (Special) to iusefp.o(.text) for __I$use$fp
    poly.o(i.__kernel_poly) refers (Special) to iusefp.o(.text) for __I$use$fp
    poly.o(i.__kernel_poly) refers to dmul.o(.text) for __aeabi_dmul
    poly.o(i.__kernel_poly) refers to dadd.o(.text) for __aeabi_dadd
    qnan.o(.constdata) refers (Special) to iusefp.o(.text) for __I$use$fp
    sqrt.o(i.__softfp_sqrt) refers (Special) to iusefp.o(.text) for __I$use$fp
    sqrt.o(i.__softfp_sqrt) refers to dsqrt.o(.text) for _dsqrt
    sqrt.o(i.__softfp_sqrt) refers to errno.o(i.__set_errno) for __set_errno
    sqrt.o(i.sqrt) refers (Special) to iusefp.o(.text) for __I$use$fp
    sqrt.o(i.sqrt) refers to dsqrt.o(.text) for _dsqrt
    sqrt.o(i.sqrt) refers to errno.o(i.__set_errno) for __set_errno
    sqrt_x.o(i.____softfp_sqrt$lsc) refers (Special) to iusefp.o(.text) for __I$use$fp
    sqrt_x.o(i.____softfp_sqrt$lsc) refers to cdcmple.o(.text) for __aeabi_cdcmple
    sqrt_x.o(i.____softfp_sqrt$lsc) refers to errno.o(i.__set_errno) for __set_errno
    sqrt_x.o(i.____softfp_sqrt$lsc) refers to dsqrt.o(.text) for _dsqrt
    sqrt_x.o(i.__sqrt$lsc) refers (Special) to iusefp.o(.text) for __I$use$fp
    sqrt_x.o(i.__sqrt$lsc) refers to cdcmple.o(.text) for __aeabi_cdcmple
    sqrt_x.o(i.__sqrt$lsc) refers to errno.o(i.__set_errno) for __set_errno
    sqrt_x.o(i.__sqrt$lsc) refers to dsqrt.o(.text) for _dsqrt
    entry2.o(.ARM.Collect$$$$00000001) refers to entry2.o(.ARM.Collect$$$$00002712) for __lit__00000000
    entry2.o(.ARM.Collect$$$$00002712) refers to startup_stm32f10x_md.o(STACK) for __initial_sp
    entry2.o(__vectab_stack_and_reset_area) refers to startup_stm32f10x_md.o(STACK) for __initial_sp
    entry2.o(__vectab_stack_and_reset_area) refers to entry.o(.ARM.Collect$$$$00000000) for __main
    entry5.o(.ARM.Collect$$$$00000004) refers to init.o(.text) for __scatterload
    entry9a.o(.ARM.Collect$$$$0000000B) refers to main.o(i.main) for main
    entry9b.o(.ARM.Collect$$$$0000000C) refers to main.o(i.main) for main
    uldiv.o(.text) refers to llushr.o(.text) for __aeabi_llsr
    uldiv.o(.text) refers to llshl.o(.text) for __aeabi_llsl
    errno.o(i.__aeabi_errno_addr) refers to errno.o(.data) for .data
    errno.o(i.__read_errno) refers to errno.o(.data) for .data
    errno.o(i.__set_errno) refers to errno.o(.data) for .data
    depilogue.o(.text) refers to llshl.o(.text) for __aeabi_llsl
    depilogue.o(.text) refers to llushr.o(.text) for __aeabi_llsr
    dadd.o(.text) refers to llshl.o(.text) for __aeabi_llsl
    dadd.o(.text) refers to llsshr.o(.text) for __aeabi_lasr
    dadd.o(.text) refers to depilogue.o(.text) for _double_epilogue
    dflti.o(.text) refers to depilogue.o(.text) for _double_epilogue
    dfixul.o(.text) refers to llushr.o(.text) for __aeabi_llsr
    dfixul.o(.text) refers to llshl.o(.text) for __aeabi_llsl
    init.o(.text) refers to entry5.o(.ARM.Collect$$$$00000004) for __main_after_scatterload
    dsqrt.o(.text) refers to llushr.o(.text) for __aeabi_llsr
    dsqrt.o(.text) refers to depilogue.o(.text) for _double_round


==============================================================================

Removing Unused input sections from the image.

    Removing system_stm32f10x.o(i.SystemCoreClockUpdate), (164 bytes).
    Removing system_stm32f10x.o(.data), (20 bytes).
    Removing led.o(i.LED_Off), (20 bytes).
    Removing led.o(i.LED_Twinkle), (18 bytes).
    Removing oled.o(i.OLED_ColorTurn), (28 bytes).
    Removing oled.o(i.OLED_DisPlay_Off), (28 bytes).
    Removing oled.o(i.OLED_DisPlay_On), (28 bytes).
    Removing oled.o(i.OLED_DisplayTurn), (44 bytes).
    Removing oled.o(i.OLED_DrawCircle), (168 bytes).
    Removing oled.o(i.OLED_DrawLine), (172 bytes).
    Removing oled.o(i.OLED_ScrollDisplay), (172 bytes).
    Removing oled.o(i.OLED_ShowPicture), (218 bytes).
    Removing delay.o(i.delay_us), (60 bytes).
    Removing sys.o(.emb_text), (6 bytes).
    Removing sys.o(i.INTX_DISABLE), (4 bytes).
    Removing sys.o(i.INTX_ENABLE), (4 bytes).
    Removing sys.o(i.WFI_SET), (4 bytes).
    Removing core_cm3.o(.emb_text), (32 bytes).
    Removing startup_stm32f10x_md.o(HEAP), (0 bytes).
    Removing misc.o(i.NVIC_Init), (112 bytes).
    Removing misc.o(i.NVIC_PriorityGroupConfig), (20 bytes).
    Removing misc.o(i.NVIC_SetVectorTable), (20 bytes).
    Removing misc.o(i.NVIC_SystemLPConfig), (32 bytes).
    Removing stm32f10x_usart.o(i.USART_ClearFlag), (18 bytes).
    Removing stm32f10x_usart.o(i.USART_ClearITPendingBit), (30 bytes).
    Removing stm32f10x_usart.o(i.USART_ClockInit), (34 bytes).
    Removing stm32f10x_usart.o(i.USART_ClockStructInit), (12 bytes).
    Removing stm32f10x_usart.o(i.USART_DMACmd), (18 bytes).
    Removing stm32f10x_usart.o(i.USART_DeInit), (156 bytes).
    Removing stm32f10x_usart.o(i.USART_GetFlagStatus), (26 bytes).
    Removing stm32f10x_usart.o(i.USART_GetITStatus), (84 bytes).
    Removing stm32f10x_usart.o(i.USART_HalfDuplexCmd), (24 bytes).
    Removing stm32f10x_usart.o(i.USART_ITConfig), (74 bytes).
    Removing stm32f10x_usart.o(i.USART_IrDACmd), (24 bytes).
    Removing stm32f10x_usart.o(i.USART_IrDAConfig), (18 bytes).
    Removing stm32f10x_usart.o(i.USART_LINBreakDetectLengthConfig), (18 bytes).
    Removing stm32f10x_usart.o(i.USART_LINCmd), (24 bytes).
    Removing stm32f10x_usart.o(i.USART_OneBitMethodCmd), (24 bytes).
    Removing stm32f10x_usart.o(i.USART_OverSampling8Cmd), (22 bytes).
    Removing stm32f10x_usart.o(i.USART_ReceiveData), (10 bytes).
    Removing stm32f10x_usart.o(i.USART_ReceiverWakeUpCmd), (24 bytes).
    Removing stm32f10x_usart.o(i.USART_SendBreak), (10 bytes).
    Removing stm32f10x_usart.o(i.USART_SetAddress), (18 bytes).
    Removing stm32f10x_usart.o(i.USART_SetGuardTime), (16 bytes).
    Removing stm32f10x_usart.o(i.USART_SetPrescaler), (16 bytes).
    Removing stm32f10x_usart.o(i.USART_SmartCardCmd), (24 bytes).
    Removing stm32f10x_usart.o(i.USART_SmartCardNACKCmd), (24 bytes).
    Removing stm32f10x_usart.o(i.USART_StructInit), (24 bytes).
    Removing stm32f10x_usart.o(i.USART_WakeUpConfig), (18 bytes).
    Removing stm32f10x_gpio.o(i.GPIO_AFIODeInit), (20 bytes).
    Removing stm32f10x_gpio.o(i.GPIO_DeInit), (200 bytes).
    Removing stm32f10x_gpio.o(i.GPIO_ETH_MediaInterfaceConfig), (12 bytes).
    Removing stm32f10x_gpio.o(i.GPIO_EXTILineConfig), (64 bytes).
    Removing stm32f10x_gpio.o(i.GPIO_EventOutputCmd), (12 bytes).
    Removing stm32f10x_gpio.o(i.GPIO_EventOutputConfig), (32 bytes).
    Removing stm32f10x_gpio.o(i.GPIO_PinLockConfig), (18 bytes).
    Removing stm32f10x_gpio.o(i.GPIO_PinRemapConfig), (144 bytes).
    Removing stm32f10x_gpio.o(i.GPIO_ReadInputData), (8 bytes).
    Removing stm32f10x_gpio.o(i.GPIO_ReadInputDataBit), (18 bytes).
    Removing stm32f10x_gpio.o(i.GPIO_ReadOutputData), (8 bytes).
    Removing stm32f10x_gpio.o(i.GPIO_StructInit), (16 bytes).
    Removing stm32f10x_gpio.o(i.GPIO_Write), (4 bytes).
    Removing stm32f10x_rcc.o(i.RCC_AHBPeriphClockCmd), (32 bytes).
    Removing stm32f10x_rcc.o(i.RCC_APB1PeriphClockCmd), (32 bytes).
    Removing stm32f10x_rcc.o(i.RCC_APB1PeriphResetCmd), (32 bytes).
    Removing stm32f10x_rcc.o(i.RCC_APB2PeriphResetCmd), (32 bytes).
    Removing stm32f10x_rcc.o(i.RCC_AdjustHSICalibrationValue), (24 bytes).
    Removing stm32f10x_rcc.o(i.RCC_BackupResetCmd), (12 bytes).
    Removing stm32f10x_rcc.o(i.RCC_ClearFlag), (20 bytes).
    Removing stm32f10x_rcc.o(i.RCC_ClearITPendingBit), (12 bytes).
    Removing stm32f10x_rcc.o(i.RCC_ClockSecuritySystemCmd), (12 bytes).
    Removing stm32f10x_rcc.o(i.RCC_DeInit), (76 bytes).
    Removing stm32f10x_rcc.o(i.RCC_GetFlagStatus), (60 bytes).
    Removing stm32f10x_rcc.o(i.RCC_GetITStatus), (24 bytes).
    Removing stm32f10x_rcc.o(i.RCC_GetSYSCLKSource), (16 bytes).
    Removing stm32f10x_rcc.o(i.RCC_HCLKConfig), (24 bytes).
    Removing stm32f10x_rcc.o(i.RCC_HSEConfig), (76 bytes).
    Removing stm32f10x_rcc.o(i.RCC_HSICmd), (12 bytes).
    Removing stm32f10x_rcc.o(i.RCC_ITConfig), (32 bytes).
    Removing stm32f10x_rcc.o(i.RCC_LSEConfig), (52 bytes).
    Removing stm32f10x_rcc.o(i.RCC_LSICmd), (12 bytes).
    Removing stm32f10x_rcc.o(i.RCC_MCOConfig), (12 bytes).
    Removing stm32f10x_rcc.o(i.RCC_PCLK1Config), (24 bytes).
    Removing stm32f10x_rcc.o(i.RCC_PCLK2Config), (24 bytes).
    Removing stm32f10x_rcc.o(i.RCC_PLLCmd), (12 bytes).
    Removing stm32f10x_rcc.o(i.RCC_PLLConfig), (28 bytes).
    Removing stm32f10x_rcc.o(i.RCC_RTCCLKCmd), (12 bytes).
    Removing stm32f10x_rcc.o(i.RCC_RTCCLKConfig), (16 bytes).
    Removing stm32f10x_rcc.o(i.RCC_SYSCLKConfig), (24 bytes).
    Removing stm32f10x_rcc.o(i.RCC_USBCLKConfig), (12 bytes).
    Removing stm32f10x_rcc.o(i.RCC_WaitForHSEStartUp), (56 bytes).
    Removing stm32f10x_adc.o(i.ADC_AnalogWatchdogCmd), (20 bytes).
    Removing stm32f10x_adc.o(i.ADC_AnalogWatchdogSingleChannelConfig), (16 bytes).
    Removing stm32f10x_adc.o(i.ADC_AnalogWatchdogThresholdsConfig), (6 bytes).
    Removing stm32f10x_adc.o(i.ADC_AutoInjectedConvCmd), (22 bytes).
    Removing stm32f10x_adc.o(i.ADC_ClearFlag), (6 bytes).
    Removing stm32f10x_adc.o(i.ADC_ClearITPendingBit), (10 bytes).
    Removing stm32f10x_adc.o(i.ADC_DMACmd), (22 bytes).
    Removing stm32f10x_adc.o(i.ADC_DeInit), (92 bytes).
    Removing stm32f10x_adc.o(i.ADC_DiscModeChannelCountConfig), (24 bytes).
    Removing stm32f10x_adc.o(i.ADC_DiscModeCmd), (22 bytes).
    Removing stm32f10x_adc.o(i.ADC_ExternalTrigConvCmd), (22 bytes).
    Removing stm32f10x_adc.o(i.ADC_ExternalTrigInjectedConvCmd), (22 bytes).
    Removing stm32f10x_adc.o(i.ADC_ExternalTrigInjectedConvConfig), (16 bytes).
    Removing stm32f10x_adc.o(i.ADC_GetDualModeConversionValue), (12 bytes).
    Removing stm32f10x_adc.o(i.ADC_GetITStatus), (36 bytes).
    Removing stm32f10x_adc.o(i.ADC_GetInjectedConversionValue), (28 bytes).
    Removing stm32f10x_adc.o(i.ADC_GetSoftwareStartConvStatus), (20 bytes).
    Removing stm32f10x_adc.o(i.ADC_GetSoftwareStartInjectedConvCmdStatus), (20 bytes).
    Removing stm32f10x_adc.o(i.ADC_ITConfig), (24 bytes).
    Removing stm32f10x_adc.o(i.ADC_InjectedChannelConfig), (130 bytes).
    Removing stm32f10x_adc.o(i.ADC_InjectedDiscModeCmd), (22 bytes).
    Removing stm32f10x_adc.o(i.ADC_InjectedSequencerLengthConfig), (24 bytes).
    Removing stm32f10x_adc.o(i.ADC_SetInjectedOffset), (20 bytes).
    Removing stm32f10x_adc.o(i.ADC_SoftwareStartInjectedConvCmd), (22 bytes).
    Removing stm32f10x_adc.o(i.ADC_StructInit), (18 bytes).
    Removing stm32f10x_adc.o(i.ADC_TempSensorVrefintCmd), (36 bytes).
    Removing cdcmple.o(.text), (48 bytes).

118 unused section(s) (total 4292 bytes) removed from the image.

==============================================================================

Image Symbol Table

    Local Symbols

    Symbol Name                              Value     Ov Type        Size  Object(Section)

    ../clib/microlib/division.c              0x00000000   Number         0  uidiv.o ABSOLUTE
    ../clib/microlib/division.c              0x00000000   Number         0  uldiv.o ABSOLUTE
    ../clib/microlib/errno.c                 0x00000000   Number         0  errno.o ABSOLUTE
    ../clib/microlib/init/entry.s            0x00000000   Number         0  entry9b.o ABSOLUTE
    ../clib/microlib/init/entry.s            0x00000000   Number         0  entry7a.o ABSOLUTE
    ../clib/microlib/init/entry.s            0x00000000   Number         0  entry10a.o ABSOLUTE
    ../clib/microlib/init/entry.s            0x00000000   Number         0  entry10b.o ABSOLUTE
    ../clib/microlib/init/entry.s            0x00000000   Number         0  entry5.o ABSOLUTE
    ../clib/microlib/init/entry.s            0x00000000   Number         0  entry2.o ABSOLUTE
    ../clib/microlib/init/entry.s            0x00000000   Number         0  entry11b.o ABSOLUTE
    ../clib/microlib/init/entry.s            0x00000000   Number         0  entry11a.o ABSOLUTE
    ../clib/microlib/init/entry.s            0x00000000   Number         0  entry.o ABSOLUTE
    ../clib/microlib/init/entry.s            0x00000000   Number         0  entry7b.o ABSOLUTE
    ../clib/microlib/init/entry.s            0x00000000   Number         0  entry8a.o ABSOLUTE
    ../clib/microlib/init/entry.s            0x00000000   Number         0  entry8b.o ABSOLUTE
    ../clib/microlib/init/entry.s            0x00000000   Number         0  entry9a.o ABSOLUTE
    ../clib/microlib/longlong.c              0x00000000   Number         0  llsshr.o ABSOLUTE
    ../clib/microlib/longlong.c              0x00000000   Number         0  llshl.o ABSOLUTE
    ../clib/microlib/longlong.c              0x00000000   Number         0  llushr.o ABSOLUTE
    ../clib/microlib/printf/printf.c         0x00000000   Number         0  printfa.o ABSOLUTE
    ../clib/microlib/printf/printf.c         0x00000000   Number         0  printf8.o ABSOLUTE
    ../clib/microlib/printf/printf.c         0x00000000   Number         0  printf7.o ABSOLUTE
    ../clib/microlib/printf/printf.c         0x00000000   Number         0  printf6.o ABSOLUTE
    ../clib/microlib/printf/printf.c         0x00000000   Number         0  printf5.o ABSOLUTE
    ../clib/microlib/printf/printf.c         0x00000000   Number         0  printf3.o ABSOLUTE
    ../clib/microlib/printf/printf.c         0x00000000   Number         0  printf4.o ABSOLUTE
    ../clib/microlib/printf/printf.c         0x00000000   Number         0  printfb.o ABSOLUTE
    ../clib/microlib/printf/printf.c         0x00000000   Number         0  printf0.o ABSOLUTE
    ../clib/microlib/printf/printf.c         0x00000000   Number         0  printf1.o ABSOLUTE
    ../clib/microlib/printf/printf.c         0x00000000   Number         0  printf2.o ABSOLUTE
    ../clib/microlib/printf/stubs.s          0x00000000   Number         0  stubs.o ABSOLUTE
    ../clib/microlib/stdio/streams.c         0x00000000   Number         0  stdout.o ABSOLUTE
    ../clib/microlib/stubs.s                 0x00000000   Number         0  iusefp.o ABSOLUTE
    ../fplib/microlib/d2f.c                  0x00000000   Number         0  d2f.o ABSOLUTE
    ../fplib/microlib/f2d.c                  0x00000000   Number         0  f2d.o ABSOLUTE
    ../fplib/microlib/fpadd.c                0x00000000   Number         0  fadd.o ABSOLUTE
    ../fplib/microlib/fpadd.c                0x00000000   Number         0  dadd.o ABSOLUTE
    ../fplib/microlib/fpdiv.c                0x00000000   Number         0  fdiv.o ABSOLUTE
    ../fplib/microlib/fpdiv.c                0x00000000   Number         0  ddiv.o ABSOLUTE
    ../fplib/microlib/fpepilogue.c           0x00000000   Number         0  fepilogue.o ABSOLUTE
    ../fplib/microlib/fpepilogue.c           0x00000000   Number         0  depilogue.o ABSOLUTE
    ../fplib/microlib/fpfix.c                0x00000000   Number         0  dfixul.o ABSOLUTE
    ../fplib/microlib/fpflt.c                0x00000000   Number         0  dflti.o ABSOLUTE
    ../fplib/microlib/fpflt.c                0x00000000   Number         0  ffltui.o ABSOLUTE
    ../fplib/microlib/fpmul.c                0x00000000   Number         0  dmul.o ABSOLUTE
    ../fplib/microlib/fpmul.c                0x00000000   Number         0  fmul.o ABSOLUTE
    ../fplib/microlib/fpscalb.c              0x00000000   Number         0  dscalb.o ABSOLUTE
    ../fplib/microlib/fpsqrt.c               0x00000000   Number         0  dsqrt.o ABSOLUTE
    ../mathlib/dunder.c                      0x00000000   Number         0  dunder.o ABSOLUTE
    ../mathlib/fpclassify.c                  0x00000000   Number         0  fpclassify.o ABSOLUTE
    ../mathlib/poly.c                        0x00000000   Number         0  poly.o ABSOLUTE
    ../mathlib/pow.c                         0x00000000   Number         0  pow_x.o ABSOLUTE
    ../mathlib/pow.c                         0x00000000   Number         0  pow.o ABSOLUTE
    ../mathlib/qnan.c                        0x00000000   Number         0  qnan.o ABSOLUTE
    ../mathlib/sqrt.c                        0x00000000   Number         0  sqrt_x.o ABSOLUTE
    ../mathlib/sqrt.c                        0x00000000   Number         0  sqrt.o ABSOLUTE
    ..\CORE\core_cm3.c                       0x00000000   Number         0  core_cm3.o ABSOLUTE
    ..\CORE\startup_stm32f10x_md.s           0x00000000   Number         0  startup_stm32f10x_md.o ABSOLUTE
    ..\HARDWARE\LED\led.c                    0x00000000   Number         0  led.o ABSOLUTE
    ..\HARDWARE\MQ-135\mq135.c               0x00000000   Number         0  mq135.o ABSOLUTE
    ..\HARDWARE\OLED\oled.c                  0x00000000   Number         0  oled.o ABSOLUTE
    ..\STM32F10x_FWLib\src\misc.c            0x00000000   Number         0  misc.o ABSOLUTE
    ..\STM32F10x_FWLib\src\stm32f10x_adc.c   0x00000000   Number         0  stm32f10x_adc.o ABSOLUTE
    ..\STM32F10x_FWLib\src\stm32f10x_gpio.c  0x00000000   Number         0  stm32f10x_gpio.o ABSOLUTE
    ..\STM32F10x_FWLib\src\stm32f10x_rcc.c   0x00000000   Number         0  stm32f10x_rcc.o ABSOLUTE
    ..\STM32F10x_FWLib\src\stm32f10x_usart.c 0x00000000   Number         0  stm32f10x_usart.o ABSOLUTE
    ..\SYSTEM\adc\adcx.c                     0x00000000   Number         0  adcx.o ABSOLUTE
    ..\SYSTEM\delay\delay.c                  0x00000000   Number         0  delay.o ABSOLUTE
    ..\SYSTEM\sys\sys.c                      0x00000000   Number         0  sys.o ABSOLUTE
    ..\SYSTEM\usart\usart.c                  0x00000000   Number         0  usart.o ABSOLUTE
    ..\\CORE\\core_cm3.c                     0x00000000   Number         0  core_cm3.o ABSOLUTE
    ..\\SYSTEM\\sys\\sys.c                   0x00000000   Number         0  sys.o ABSOLUTE
    cdcmple.s                                0x00000000   Number         0  cdcmple.o ABSOLUTE
    cdrcmple.s                               0x00000000   Number         0  cdrcmple.o ABSOLUTE
    dc.s                                     0x00000000   Number         0  dc.o ABSOLUTE
    handlers.s                               0x00000000   Number         0  handlers.o ABSOLUTE
    init.s                                   0x00000000   Number         0  init.o ABSOLUTE
    main.c                                   0x00000000   Number         0  main.o ABSOLUTE
    stm32f10x_it.c                           0x00000000   Number         0  stm32f10x_it.o ABSOLUTE
    system_stm32f10x.c                       0x00000000   Number         0  system_stm32f10x.o ABSOLUTE
    RESET                                    0x08000000   Section      236  startup_stm32f10x_md.o(RESET)
    .ARM.Collect$$$$00000000                 0x080000ec   Section        0  entry.o(.ARM.Collect$$$$00000000)
    .ARM.Collect$$$$00000001                 0x080000ec   Section        4  entry2.o(.ARM.Collect$$$$00000001)
    .ARM.Collect$$$$00000004                 0x080000f0   Section        4  entry5.o(.ARM.Collect$$$$00000004)
    .ARM.Collect$$$$00000008                 0x080000f4   Section        0  entry7b.o(.ARM.Collect$$$$00000008)
    .ARM.Collect$$$$0000000A                 0x080000f4   Section        0  entry8b.o(.ARM.Collect$$$$0000000A)
    .ARM.Collect$$$$0000000B                 0x080000f4   Section        8  entry9a.o(.ARM.Collect$$$$0000000B)
    .ARM.Collect$$$$0000000D                 0x080000fc   Section        0  entry10a.o(.ARM.Collect$$$$0000000D)
    .ARM.Collect$$$$0000000F                 0x080000fc   Section        0  entry11a.o(.ARM.Collect$$$$0000000F)
    .ARM.Collect$$$$00002712                 0x080000fc   Section        4  entry2.o(.ARM.Collect$$$$00002712)
    __lit__00000000                          0x080000fc   Data           4  entry2.o(.ARM.Collect$$$$00002712)
    .text                                    0x08000100   Section       28  startup_stm32f10x_md.o(.text)
    .text                                    0x0800011c   Section        0  fadd.o(.text)
    .text                                    0x080001cc   Section        0  fmul.o(.text)
    .text                                    0x08000230   Section        0  fdiv.o(.text)
    .text                                    0x080002ac   Section        0  dmul.o(.text)
    .text                                    0x08000390   Section        0  ddiv.o(.text)
    .text                                    0x0800046e   Section        0  ffltui.o(.text)
    .text                                    0x08000478   Section        0  f2d.o(.text)
    .text                                    0x0800049e   Section        0  d2f.o(.text)
    .text                                    0x080004d6   Section        0  uidiv.o(.text)
    .text                                    0x08000502   Section        0  uldiv.o(.text)
    .text                                    0x08000564   Section        0  iusefp.o(.text)
    .text                                    0x08000564   Section        0  fepilogue.o(.text)
    .text                                    0x080005d2   Section        0  depilogue.o(.text)
    .text                                    0x0800068c   Section        0  dadd.o(.text)
    .text                                    0x080007da   Section        0  dscalb.o(.text)
    .text                                    0x08000808   Section        0  dflti.o(.text)
    .text                                    0x0800082a   Section        0  dfixul.o(.text)
    .text                                    0x0800085c   Section       48  cdrcmple.o(.text)
    .text                                    0x0800088c   Section       36  init.o(.text)
    .text                                    0x080008b0   Section        0  llshl.o(.text)
    .text                                    0x080008ce   Section        0  llushr.o(.text)
    .text                                    0x080008ee   Section        0  llsshr.o(.text)
    .text                                    0x08000912   Section        0  dsqrt.o(.text)
    i.ADC_Cmd                                0x080009b4   Section        0  stm32f10x_adc.o(i.ADC_Cmd)
    i.ADC_GetCalibrationStatus               0x080009ca   Section        0  stm32f10x_adc.o(i.ADC_GetCalibrationStatus)
    i.ADC_GetConversionValue                 0x080009de   Section        0  stm32f10x_adc.o(i.ADC_GetConversionValue)
    i.ADC_GetFlagStatus                      0x080009e6   Section        0  stm32f10x_adc.o(i.ADC_GetFlagStatus)
    i.ADC_GetResetCalibrationStatus          0x080009f8   Section        0  stm32f10x_adc.o(i.ADC_GetResetCalibrationStatus)
    i.ADC_GetValue                           0x08000a0c   Section        0  adcx.o(i.ADC_GetValue)
    i.ADC_Init                               0x08000a40   Section        0  stm32f10x_adc.o(i.ADC_Init)
    i.ADC_RegularChannelConfig               0x08000a90   Section        0  stm32f10x_adc.o(i.ADC_RegularChannelConfig)
    i.ADC_ResetCalibration                   0x08000b48   Section        0  stm32f10x_adc.o(i.ADC_ResetCalibration)
    i.ADC_SoftwareStartConvCmd               0x08000b52   Section        0  stm32f10x_adc.o(i.ADC_SoftwareStartConvCmd)
    i.ADC_StartCalibration                   0x08000b68   Section        0  stm32f10x_adc.o(i.ADC_StartCalibration)
    i.ADCx_Init                              0x08000b74   Section        0  adcx.o(i.ADCx_Init)
    i.BusFault_Handler                       0x08000be0   Section        0  stm32f10x_it.o(i.BusFault_Handler)
    i.DebugMon_Handler                       0x08000be4   Section        0  stm32f10x_it.o(i.DebugMon_Handler)
    i.GPIO_Init                              0x08000be6   Section        0  stm32f10x_gpio.o(i.GPIO_Init)
    i.GPIO_ReadOutputDataBit                 0x08000cfc   Section        0  stm32f10x_gpio.o(i.GPIO_ReadOutputDataBit)
    i.GPIO_ResetBits                         0x08000d0e   Section        0  stm32f10x_gpio.o(i.GPIO_ResetBits)
    i.GPIO_SetBits                           0x08000d12   Section        0  stm32f10x_gpio.o(i.GPIO_SetBits)
    i.GPIO_WriteBit                          0x08000d16   Section        0  stm32f10x_gpio.o(i.GPIO_WriteBit)
    i.HardFault_Handler                      0x08000d20   Section        0  stm32f10x_it.o(i.HardFault_Handler)
    i.IIC_delay                              0x08000d24   Section        0  oled.o(i.IIC_delay)
    i.LED_Init                               0x08000d34   Section        0  led.o(i.LED_Init)
    i.LED_On                                 0x08000d68   Section        0  led.o(i.LED_On)
    i.LED_Toggle                             0x08000d7c   Section        0  led.o(i.LED_Toggle)
    i.MQ135_ADC_Read                         0x08000da0   Section        0  mq135.o(i.MQ135_ADC_Read)
    i.MQ135_GetData                          0x08000dac   Section        0  mq135.o(i.MQ135_GetData)
    i.MQ135_GetData_PPM                      0x08000dd4   Section        0  mq135.o(i.MQ135_GetData_PPM)
    i.MQ135_Init                             0x08000ec0   Section        0  mq135.o(i.MQ135_Init)
    i.MemManage_Handler                      0x08000ee8   Section        0  stm32f10x_it.o(i.MemManage_Handler)
    i.NMI_Handler                            0x08000eec   Section        0  stm32f10x_it.o(i.NMI_Handler)
    i.OLED_Clear                             0x08000ef0   Section        0  oled.o(i.OLED_Clear)
    i.OLED_DrawPoint                         0x08000f20   Section        0  oled.o(i.OLED_DrawPoint)
    i.OLED_I2C_Start                         0x08000f98   Section        0  oled.o(i.OLED_I2C_Start)
    i.OLED_I2C_Stop                          0x08000fd4   Section        0  oled.o(i.OLED_I2C_Stop)
    i.OLED_I2C_WaitAck                       0x08001000   Section        0  oled.o(i.OLED_I2C_WaitAck)
    i.OLED_Init                              0x08001034   Section        0  oled.o(i.OLED_Init)
    i.OLED_Pow                               0x08001160   Section        0  oled.o(i.OLED_Pow)
    i.OLED_Refresh                           0x08001178   Section        0  oled.o(i.OLED_Refresh)
    i.OLED_Send_Byte                         0x080011e0   Section        0  oled.o(i.OLED_Send_Byte)
    i.OLED_ShowChar                          0x08001234   Section        0  oled.o(i.OLED_ShowChar)
    i.OLED_ShowChinese                       0x08001374   Section        0  oled.o(i.OLED_ShowChinese)
    i.OLED_ShowNum                           0x0800147c   Section        0  oled.o(i.OLED_ShowNum)
    i.OLED_ShowString                        0x08001510   Section        0  oled.o(i.OLED_ShowString)
    i.OLED_WR_Byte                           0x0800155e   Section        0  oled.o(i.OLED_WR_Byte)
    i.PendSV_Handler                         0x08001596   Section        0  stm32f10x_it.o(i.PendSV_Handler)
    i.RCC_ADCCLKConfig                       0x08001598   Section        0  stm32f10x_rcc.o(i.RCC_ADCCLKConfig)
    i.RCC_APB2PeriphClockCmd                 0x080015b0   Section        0  stm32f10x_rcc.o(i.RCC_APB2PeriphClockCmd)
    i.RCC_GetClocksFreq                      0x080015d0   Section        0  stm32f10x_rcc.o(i.RCC_GetClocksFreq)
    i.SVC_Handler                            0x080016a4   Section        0  stm32f10x_it.o(i.SVC_Handler)
    i.SetSysClock                            0x080016a6   Section        0  system_stm32f10x.o(i.SetSysClock)
    SetSysClock                              0x080016a7   Thumb Code     8  system_stm32f10x.o(i.SetSysClock)
    i.SetSysClockTo72                        0x080016b0   Section        0  system_stm32f10x.o(i.SetSysClockTo72)
    SetSysClockTo72                          0x080016b1   Thumb Code   214  system_stm32f10x.o(i.SetSysClockTo72)
    i.SysTick_CLKSourceConfig                0x08001790   Section        0  misc.o(i.SysTick_CLKSourceConfig)
    i.SysTick_Handler                        0x080017b8   Section        0  stm32f10x_it.o(i.SysTick_Handler)
    i.SystemInit                             0x080017bc   Section        0  system_stm32f10x.o(i.SystemInit)
    i.USART1_Config                          0x0800181c   Section        0  usart.o(i.USART1_Config)
    i.USART_Cmd                              0x08001898   Section        0  stm32f10x_usart.o(i.USART_Cmd)
    i.USART_Init                             0x080018b0   Section        0  stm32f10x_usart.o(i.USART_Init)
    i.USART_SendData                         0x08001988   Section        0  stm32f10x_usart.o(i.USART_SendData)
    i.UsageFault_Handler                     0x08001990   Section        0  stm32f10x_it.o(i.UsageFault_Handler)
    i.__0printf                              0x08001994   Section        0  printfa.o(i.__0printf)
    i.__0sprintf                             0x080019b4   Section        0  printfa.o(i.__0sprintf)
    i.__ARM_fpclassify                       0x080019dc   Section        0  fpclassify.o(i.__ARM_fpclassify)
    i.__kernel_poly                          0x08001a04   Section        0  poly.o(i.__kernel_poly)
    i.__mathlib_dbl_divzero                  0x08001ab0   Section        0  dunder.o(i.__mathlib_dbl_divzero)
    i.__mathlib_dbl_infnan2                  0x08001ac0   Section        0  dunder.o(i.__mathlib_dbl_infnan2)
    i.__mathlib_dbl_invalid                  0x08001ac4   Section        0  dunder.o(i.__mathlib_dbl_invalid)
    i.__mathlib_dbl_overflow                 0x08001ad0   Section        0  dunder.o(i.__mathlib_dbl_overflow)
    i.__mathlib_dbl_underflow                0x08001ae0   Section        0  dunder.o(i.__mathlib_dbl_underflow)
    i.__scatterload_copy                     0x08001af0   Section       14  handlers.o(i.__scatterload_copy)
    i.__scatterload_null                     0x08001afe   Section        2  handlers.o(i.__scatterload_null)
    i.__scatterload_zeroinit                 0x08001b00   Section       14  handlers.o(i.__scatterload_zeroinit)
    i.__set_errno                            0x08001b10   Section        0  errno.o(i.__set_errno)
    i._fp_digits                             0x08001b1c   Section        0  printfa.o(i._fp_digits)
    _fp_digits                               0x08001b1d   Thumb Code   366  printfa.o(i._fp_digits)
    i._printf_core                           0x08001ca0   Section        0  printfa.o(i._printf_core)
    _printf_core                             0x08001ca1   Thumb Code  1744  printfa.o(i._printf_core)
    i._printf_post_padding                   0x0800237c   Section        0  printfa.o(i._printf_post_padding)
    _printf_post_padding                     0x0800237d   Thumb Code    36  printfa.o(i._printf_post_padding)
    i._printf_pre_padding                    0x080023a0   Section        0  printfa.o(i._printf_pre_padding)
    _printf_pre_padding                      0x080023a1   Thumb Code    46  printfa.o(i._printf_pre_padding)
    i._sputc                                 0x080023ce   Section        0  printfa.o(i._sputc)
    _sputc                                   0x080023cf   Thumb Code    10  printfa.o(i._sputc)
    i.delay_init                             0x080023d8   Section        0  delay.o(i.delay_init)
    i.delay_ms                               0x08002414   Section        0  delay.o(i.delay_ms)
    i.fputc                                  0x08002450   Section        0  usart.o(i.fputc)
    i.main                                   0x08002474   Section        0  main.o(i.main)
    i.pow                                    0x0800258c   Section        0  pow.o(i.pow)
    i.sqrt                                   0x08002f64   Section        0  sqrt.o(i.sqrt)
    .constdata                               0x08002fb0   Section     7568  oled.o(.constdata)
    .constdata                               0x08004d40   Section      136  pow.o(.constdata)
    bp                                       0x08004d40   Data          16  pow.o(.constdata)
    dp_h                                     0x08004d50   Data          16  pow.o(.constdata)
    dp_l                                     0x08004d60   Data          16  pow.o(.constdata)
    L                                        0x08004d70   Data          48  pow.o(.constdata)
    P                                        0x08004da0   Data          40  pow.o(.constdata)
    .constdata                               0x08004dc8   Section        8  qnan.o(.constdata)
    .data                                    0x20000000   Section        8  main.o(.data)
    .data                                    0x20000008   Section        4  delay.o(.data)
    fac_us                                   0x20000008   Data           1  delay.o(.data)
    fac_ms                                   0x2000000a   Data           2  delay.o(.data)
    .data                                    0x2000000c   Section       20  stm32f10x_rcc.o(.data)
    APBAHBPrescTable                         0x2000000c   Data          16  stm32f10x_rcc.o(.data)
    ADCPrescTable                            0x2000001c   Data           4  stm32f10x_rcc.o(.data)
    .data                                    0x20000020   Section        4  stdout.o(.data)
    .data                                    0x20000024   Section        4  errno.o(.data)
    _errno                                   0x20000024   Data           4  errno.o(.data)
    .bss                                     0x20000028   Section       30  main.o(.bss)
    .bss                                     0x20000046   Section     1152  oled.o(.bss)
    STACK                                    0x200004c8   Section      512  startup_stm32f10x_md.o(STACK)

    Global Symbols

    Symbol Name                              Value     Ov Type        Size  Object(Section)

    BuildAttributes$$THM_ISAv4$P$D$K$B$S$PE$A:L22UL41UL21$X:L11$S22US41US21$IEEE1$IW$USESV6$~STKCKD$USESV7$~SHL$OTIME$ROPI$IEEEX$EBA8$MICROLIB$REQ8$PRES8$EABIv2 0x00000000   Number         0  anon$$obj.o ABSOLUTE
    __ARM_use_no_argv                        0x00000000   Number         0  main.o ABSOLUTE
    _printf_a                                0x00000000   Number         0  stubs.o ABSOLUTE
    _printf_c                                0x00000000   Number         0  stubs.o ABSOLUTE
    _printf_charcount                        0x00000000   Number         0  stubs.o ABSOLUTE
    _printf_d                                0x00000000   Number         0  stubs.o ABSOLUTE
    _printf_e                                0x00000000   Number         0  stubs.o ABSOLUTE
    _printf_f                                0x00000000   Number         0  stubs.o ABSOLUTE
    _printf_flags                            0x00000000   Number         0  stubs.o ABSOLUTE
    _printf_fp_dec                           0x00000000   Number         0  stubs.o ABSOLUTE
    _printf_fp_hex                           0x00000000   Number         0  stubs.o ABSOLUTE
    _printf_g                                0x00000000   Number         0  stubs.o ABSOLUTE
    _printf_i                                0x00000000   Number         0  stubs.o ABSOLUTE
    _printf_int_dec                          0x00000000   Number         0  stubs.o ABSOLUTE
    _printf_l                                0x00000000   Number         0  stubs.o ABSOLUTE
    _printf_lc                               0x00000000   Number         0  stubs.o ABSOLUTE
    _printf_ll                               0x00000000   Number         0  stubs.o ABSOLUTE
    _printf_lld                              0x00000000   Number         0  stubs.o ABSOLUTE
    _printf_lli                              0x00000000   Number         0  stubs.o ABSOLUTE
    _printf_llo                              0x00000000   Number         0  stubs.o ABSOLUTE
    _printf_llu                              0x00000000   Number         0  stubs.o ABSOLUTE
    _printf_llx                              0x00000000   Number         0  stubs.o ABSOLUTE
    _printf_longlong_dec                     0x00000000   Number         0  stubs.o ABSOLUTE
    _printf_longlong_hex                     0x00000000   Number         0  stubs.o ABSOLUTE
    _printf_longlong_oct                     0x00000000   Number         0  stubs.o ABSOLUTE
    _printf_ls                               0x00000000   Number         0  stubs.o ABSOLUTE
    _printf_mbtowc                           0x00000000   Number         0  stubs.o ABSOLUTE
    _printf_n                                0x00000000   Number         0  stubs.o ABSOLUTE
    _printf_o                                0x00000000   Number         0  stubs.o ABSOLUTE
    _printf_p                                0x00000000   Number         0  stubs.o ABSOLUTE
    _printf_percent                          0x00000000   Number         0  stubs.o ABSOLUTE
    _printf_pre_padding                      0x00000000   Number         0  stubs.o ABSOLUTE
    _printf_return_value                     0x00000000   Number         0  stubs.o ABSOLUTE
    _printf_s                                0x00000000   Number         0  stubs.o ABSOLUTE
    _printf_sizespec                         0x00000000   Number         0  stubs.o ABSOLUTE
    _printf_str                              0x00000000   Number         0  stubs.o ABSOLUTE
    _printf_truncate_signed                  0x00000000   Number         0  stubs.o ABSOLUTE
    _printf_truncate_unsigned                0x00000000   Number         0  stubs.o ABSOLUTE
    _printf_u                                0x00000000   Number         0  stubs.o ABSOLUTE
    _printf_wc                               0x00000000   Number         0  stubs.o ABSOLUTE
    _printf_wctomb                           0x00000000   Number         0  stubs.o ABSOLUTE
    _printf_widthprec                        0x00000000   Number         0  stubs.o ABSOLUTE
    _printf_x                                0x00000000   Number         0  stubs.o ABSOLUTE
    __cpp_initialize__aeabi_                  - Undefined Weak Reference
    __cxa_finalize                            - Undefined Weak Reference
    __decompress                              - Undefined Weak Reference
    _clock_init                               - Undefined Weak Reference
    _microlib_exit                            - Undefined Weak Reference
    __Vectors_Size                           0x000000ec   Number         0  startup_stm32f10x_md.o ABSOLUTE
    __Vectors                                0x08000000   Data           4  startup_stm32f10x_md.o(RESET)
    __Vectors_End                            0x080000ec   Data           0  startup_stm32f10x_md.o(RESET)
    __main                                   0x080000ed   Thumb Code     0  entry.o(.ARM.Collect$$$$00000000)
    _main_stk                                0x080000ed   Thumb Code     0  entry2.o(.ARM.Collect$$$$00000001)
    _main_scatterload                        0x080000f1   Thumb Code     0  entry5.o(.ARM.Collect$$$$00000004)
    __main_after_scatterload                 0x080000f5   Thumb Code     0  entry5.o(.ARM.Collect$$$$00000004)
    _main_clock                              0x080000f5   Thumb Code     0  entry7b.o(.ARM.Collect$$$$00000008)
    _main_cpp_init                           0x080000f5   Thumb Code     0  entry8b.o(.ARM.Collect$$$$0000000A)
    _main_init                               0x080000f5   Thumb Code     0  entry9a.o(.ARM.Collect$$$$0000000B)
    __rt_final_cpp                           0x080000fd   Thumb Code     0  entry10a.o(.ARM.Collect$$$$0000000D)
    __rt_final_exit                          0x080000fd   Thumb Code     0  entry11a.o(.ARM.Collect$$$$0000000F)
    Reset_Handler                            0x08000101   Thumb Code     4  startup_stm32f10x_md.o(.text)
    ADC1_2_IRQHandler                        0x08000117   Thumb Code     0  startup_stm32f10x_md.o(.text)
    CAN1_RX1_IRQHandler                      0x08000117   Thumb Code     0  startup_stm32f10x_md.o(.text)
    CAN1_SCE_IRQHandler                      0x08000117   Thumb Code     0  startup_stm32f10x_md.o(.text)
    DMA1_Channel1_IRQHandler                 0x08000117   Thumb Code     0  startup_stm32f10x_md.o(.text)
    DMA1_Channel2_IRQHandler                 0x08000117   Thumb Code     0  startup_stm32f10x_md.o(.text)
    DMA1_Channel3_IRQHandler                 0x08000117   Thumb Code     0  startup_stm32f10x_md.o(.text)
    DMA1_Channel4_IRQHandler                 0x08000117   Thumb Code     0  startup_stm32f10x_md.o(.text)
    DMA1_Channel5_IRQHandler                 0x08000117   Thumb Code     0  startup_stm32f10x_md.o(.text)
    DMA1_Channel6_IRQHandler                 0x08000117   Thumb Code     0  startup_stm32f10x_md.o(.text)
    DMA1_Channel7_IRQHandler                 0x08000117   Thumb Code     0  startup_stm32f10x_md.o(.text)
    EXTI0_IRQHandler                         0x08000117   Thumb Code     0  startup_stm32f10x_md.o(.text)
    EXTI15_10_IRQHandler                     0x08000117   Thumb Code     0  startup_stm32f10x_md.o(.text)
    EXTI1_IRQHandler                         0x08000117   Thumb Code     0  startup_stm32f10x_md.o(.text)
    EXTI2_IRQHandler                         0x08000117   Thumb Code     0  startup_stm32f10x_md.o(.text)
    EXTI3_IRQHandler                         0x08000117   Thumb Code     0  startup_stm32f10x_md.o(.text)
    EXTI4_IRQHandler                         0x08000117   Thumb Code     0  startup_stm32f10x_md.o(.text)
    EXTI9_5_IRQHandler                       0x08000117   Thumb Code     0  startup_stm32f10x_md.o(.text)
    FLASH_IRQHandler                         0x08000117   Thumb Code     0  startup_stm32f10x_md.o(.text)
    I2C1_ER_IRQHandler                       0x08000117   Thumb Code     0  startup_stm32f10x_md.o(.text)
    I2C1_EV_IRQHandler                       0x08000117   Thumb Code     0  startup_stm32f10x_md.o(.text)
    I2C2_ER_IRQHandler                       0x08000117   Thumb Code     0  startup_stm32f10x_md.o(.text)
    I2C2_EV_IRQHandler                       0x08000117   Thumb Code     0  startup_stm32f10x_md.o(.text)
    PVD_IRQHandler                           0x08000117   Thumb Code     0  startup_stm32f10x_md.o(.text)
    RCC_IRQHandler                           0x08000117   Thumb Code     0  startup_stm32f10x_md.o(.text)
    RTCAlarm_IRQHandler                      0x08000117   Thumb Code     0  startup_stm32f10x_md.o(.text)
    RTC_IRQHandler                           0x08000117   Thumb Code     0  startup_stm32f10x_md.o(.text)
    SPI1_IRQHandler                          0x08000117   Thumb Code     0  startup_stm32f10x_md.o(.text)
    SPI2_IRQHandler                          0x08000117   Thumb Code     0  startup_stm32f10x_md.o(.text)
    TAMPER_IRQHandler                        0x08000117   Thumb Code     0  startup_stm32f10x_md.o(.text)
    TIM1_BRK_IRQHandler                      0x08000117   Thumb Code     0  startup_stm32f10x_md.o(.text)
    TIM1_CC_IRQHandler                       0x08000117   Thumb Code     0  startup_stm32f10x_md.o(.text)
    TIM1_TRG_COM_IRQHandler                  0x08000117   Thumb Code     0  startup_stm32f10x_md.o(.text)
    TIM1_UP_IRQHandler                       0x08000117   Thumb Code     0  startup_stm32f10x_md.o(.text)
    TIM2_IRQHandler                          0x08000117   Thumb Code     0  startup_stm32f10x_md.o(.text)
    TIM3_IRQHandler                          0x08000117   Thumb Code     0  startup_stm32f10x_md.o(.text)
    TIM4_IRQHandler                          0x08000117   Thumb Code     0  startup_stm32f10x_md.o(.text)
    USART1_IRQHandler                        0x08000117   Thumb Code     0  startup_stm32f10x_md.o(.text)
    USART2_IRQHandler                        0x08000117   Thumb Code     0  startup_stm32f10x_md.o(.text)
    USART3_IRQHandler                        0x08000117   Thumb Code     0  startup_stm32f10x_md.o(.text)
    USBWakeUp_IRQHandler                     0x08000117   Thumb Code     0  startup_stm32f10x_md.o(.text)
    USB_HP_CAN1_TX_IRQHandler                0x08000117   Thumb Code     0  startup_stm32f10x_md.o(.text)
    USB_LP_CAN1_RX0_IRQHandler               0x08000117   Thumb Code     0  startup_stm32f10x_md.o(.text)
    WWDG_IRQHandler                          0x08000117   Thumb Code     0  startup_stm32f10x_md.o(.text)
    __aeabi_fadd                             0x0800011d   Thumb Code   164  fadd.o(.text)
    __aeabi_fsub                             0x080001c1   Thumb Code     6  fadd.o(.text)
    __aeabi_frsub                            0x080001c7   Thumb Code     6  fadd.o(.text)
    __aeabi_fmul                             0x080001cd   Thumb Code   100  fmul.o(.text)
    __aeabi_fdiv                             0x08000231   Thumb Code   124  fdiv.o(.text)
    __aeabi_dmul                             0x080002ad   Thumb Code   228  dmul.o(.text)
    __aeabi_ddiv                             0x08000391   Thumb Code   222  ddiv.o(.text)
    __aeabi_ui2f                             0x0800046f   Thumb Code    10  ffltui.o(.text)
    __aeabi_f2d                              0x08000479   Thumb Code    38  f2d.o(.text)
    __aeabi_d2f                              0x0800049f   Thumb Code    56  d2f.o(.text)
    __aeabi_uidiv                            0x080004d7   Thumb Code     0  uidiv.o(.text)
    __aeabi_uidivmod                         0x080004d7   Thumb Code    44  uidiv.o(.text)
    __aeabi_uldivmod                         0x08000503   Thumb Code    98  uldiv.o(.text)
    __I$use$fp                               0x08000565   Thumb Code     0  iusefp.o(.text)
    _float_round                             0x08000565   Thumb Code    18  fepilogue.o(.text)
    _float_epilogue                          0x08000577   Thumb Code    92  fepilogue.o(.text)
    _double_round                            0x080005d3   Thumb Code    30  depilogue.o(.text)
    _double_epilogue                         0x080005f1   Thumb Code   156  depilogue.o(.text)
    __aeabi_dadd                             0x0800068d   Thumb Code   322  dadd.o(.text)
    __aeabi_dsub                             0x080007cf   Thumb Code     6  dadd.o(.text)
    __aeabi_drsub                            0x080007d5   Thumb Code     6  dadd.o(.text)
    __ARM_scalbn                             0x080007db   Thumb Code    46  dscalb.o(.text)
    scalbn                                   0x080007db   Thumb Code     0  dscalb.o(.text)
    __aeabi_i2d                              0x08000809   Thumb Code    34  dflti.o(.text)
    __aeabi_d2ulz                            0x0800082b   Thumb Code    48  dfixul.o(.text)
    __aeabi_cdrcmple                         0x0800085d   Thumb Code    48  cdrcmple.o(.text)
    __scatterload                            0x0800088d   Thumb Code    28  init.o(.text)
    __scatterload_rt2                        0x0800088d   Thumb Code     0  init.o(.text)
    __aeabi_llsl                             0x080008b1   Thumb Code    30  llshl.o(.text)
    _ll_shift_l                              0x080008b1   Thumb Code     0  llshl.o(.text)
    __aeabi_llsr                             0x080008cf   Thumb Code    32  llushr.o(.text)
    _ll_ushift_r                             0x080008cf   Thumb Code     0  llushr.o(.text)
    __aeabi_lasr                             0x080008ef   Thumb Code    36  llsshr.o(.text)
    _ll_sshift_r                             0x080008ef   Thumb Code     0  llsshr.o(.text)
    _dsqrt                                   0x08000913   Thumb Code   162  dsqrt.o(.text)
    ADC_Cmd                                  0x080009b5   Thumb Code    22  stm32f10x_adc.o(i.ADC_Cmd)
    ADC_GetCalibrationStatus                 0x080009cb   Thumb Code    20  stm32f10x_adc.o(i.ADC_GetCalibrationStatus)
    ADC_GetConversionValue                   0x080009df   Thumb Code     8  stm32f10x_adc.o(i.ADC_GetConversionValue)
    ADC_GetFlagStatus                        0x080009e7   Thumb Code    18  stm32f10x_adc.o(i.ADC_GetFlagStatus)
    ADC_GetResetCalibrationStatus            0x080009f9   Thumb Code    20  stm32f10x_adc.o(i.ADC_GetResetCalibrationStatus)
    ADC_GetValue                             0x08000a0d   Thumb Code    48  adcx.o(i.ADC_GetValue)
    ADC_Init                                 0x08000a41   Thumb Code    70  stm32f10x_adc.o(i.ADC_Init)
    ADC_RegularChannelConfig                 0x08000a91   Thumb Code   184  stm32f10x_adc.o(i.ADC_RegularChannelConfig)
    ADC_ResetCalibration                     0x08000b49   Thumb Code    10  stm32f10x_adc.o(i.ADC_ResetCalibration)
    ADC_SoftwareStartConvCmd                 0x08000b53   Thumb Code    22  stm32f10x_adc.o(i.ADC_SoftwareStartConvCmd)
    ADC_StartCalibration                     0x08000b69   Thumb Code    10  stm32f10x_adc.o(i.ADC_StartCalibration)
    ADCx_Init                                0x08000b75   Thumb Code   104  adcx.o(i.ADCx_Init)
    BusFault_Handler                         0x08000be1   Thumb Code     4  stm32f10x_it.o(i.BusFault_Handler)
    DebugMon_Handler                         0x08000be5   Thumb Code     2  stm32f10x_it.o(i.DebugMon_Handler)
    GPIO_Init                                0x08000be7   Thumb Code   278  stm32f10x_gpio.o(i.GPIO_Init)
    GPIO_ReadOutputDataBit                   0x08000cfd   Thumb Code    18  stm32f10x_gpio.o(i.GPIO_ReadOutputDataBit)
    GPIO_ResetBits                           0x08000d0f   Thumb Code     4  stm32f10x_gpio.o(i.GPIO_ResetBits)
    GPIO_SetBits                             0x08000d13   Thumb Code     4  stm32f10x_gpio.o(i.GPIO_SetBits)
    GPIO_WriteBit                            0x08000d17   Thumb Code    10  stm32f10x_gpio.o(i.GPIO_WriteBit)
    HardFault_Handler                        0x08000d21   Thumb Code     4  stm32f10x_it.o(i.HardFault_Handler)
    IIC_delay                                0x08000d25   Thumb Code    16  oled.o(i.IIC_delay)
    LED_Init                                 0x08000d35   Thumb Code    48  led.o(i.LED_Init)
    LED_On                                   0x08000d69   Thumb Code    14  led.o(i.LED_On)
    LED_Toggle                               0x08000d7d   Thumb Code    32  led.o(i.LED_Toggle)
    MQ135_ADC_Read                           0x08000da1   Thumb Code    12  mq135.o(i.MQ135_ADC_Read)
    MQ135_GetData                            0x08000dad   Thumb Code    38  mq135.o(i.MQ135_GetData)
    MQ135_GetData_PPM                        0x08000dd5   Thumb Code   208  mq135.o(i.MQ135_GetData_PPM)
    MQ135_Init                               0x08000ec1   Thumb Code    36  mq135.o(i.MQ135_Init)
    MemManage_Handler                        0x08000ee9   Thumb Code     4  stm32f10x_it.o(i.MemManage_Handler)
    NMI_Handler                              0x08000eed   Thumb Code     2  stm32f10x_it.o(i.NMI_Handler)
    OLED_Clear                               0x08000ef1   Thumb Code    42  oled.o(i.OLED_Clear)
    OLED_DrawPoint                           0x08000f21   Thumb Code   114  oled.o(i.OLED_DrawPoint)
    OLED_I2C_Start                           0x08000f99   Thumb Code    56  oled.o(i.OLED_I2C_Start)
    OLED_I2C_Stop                            0x08000fd5   Thumb Code    38  oled.o(i.OLED_I2C_Stop)
    OLED_I2C_WaitAck                         0x08001001   Thumb Code    46  oled.o(i.OLED_I2C_WaitAck)
    OLED_Init                                0x08001035   Thumb Code   294  oled.o(i.OLED_Init)
    OLED_Pow                                 0x08001161   Thumb Code    22  oled.o(i.OLED_Pow)
    OLED_Refresh                             0x08001179   Thumb Code   100  oled.o(i.OLED_Refresh)
    OLED_Send_Byte                           0x080011e1   Thumb Code    78  oled.o(i.OLED_Send_Byte)
    OLED_ShowChar                            0x08001235   Thumb Code   304  oled.o(i.OLED_ShowChar)
    OLED_ShowChinese                         0x08001375   Thumb Code   248  oled.o(i.OLED_ShowChinese)
    OLED_ShowNum                             0x0800147d   Thumb Code   148  oled.o(i.OLED_ShowNum)
    OLED_ShowString                          0x08001511   Thumb Code    78  oled.o(i.OLED_ShowString)
    OLED_WR_Byte                             0x0800155f   Thumb Code    56  oled.o(i.OLED_WR_Byte)
    PendSV_Handler                           0x08001597   Thumb Code     2  stm32f10x_it.o(i.PendSV_Handler)
    RCC_ADCCLKConfig                         0x08001599   Thumb Code    18  stm32f10x_rcc.o(i.RCC_ADCCLKConfig)
    RCC_APB2PeriphClockCmd                   0x080015b1   Thumb Code    26  stm32f10x_rcc.o(i.RCC_APB2PeriphClockCmd)
    RCC_GetClocksFreq                        0x080015d1   Thumb Code   192  stm32f10x_rcc.o(i.RCC_GetClocksFreq)
    SVC_Handler                              0x080016a5   Thumb Code     2  stm32f10x_it.o(i.SVC_Handler)
    SysTick_CLKSourceConfig                  0x08001791   Thumb Code    40  misc.o(i.SysTick_CLKSourceConfig)
    SysTick_Handler                          0x080017b9   Thumb Code     2  stm32f10x_it.o(i.SysTick_Handler)
    SystemInit                               0x080017bd   Thumb Code    78  system_stm32f10x.o(i.SystemInit)
    USART1_Config                            0x0800181d   Thumb Code   114  usart.o(i.USART1_Config)
    USART_Cmd                                0x08001899   Thumb Code    24  stm32f10x_usart.o(i.USART_Cmd)
    USART_Init                               0x080018b1   Thumb Code   210  stm32f10x_usart.o(i.USART_Init)
    USART_SendData                           0x08001989   Thumb Code     8  stm32f10x_usart.o(i.USART_SendData)
    UsageFault_Handler                       0x08001991   Thumb Code     4  stm32f10x_it.o(i.UsageFault_Handler)
    __0printf                                0x08001995   Thumb Code    22  printfa.o(i.__0printf)
    __1printf                                0x08001995   Thumb Code     0  printfa.o(i.__0printf)
    __2printf                                0x08001995   Thumb Code     0  printfa.o(i.__0printf)
    __c89printf                              0x08001995   Thumb Code     0  printfa.o(i.__0printf)
    printf                                   0x08001995   Thumb Code     0  printfa.o(i.__0printf)
    __0sprintf                               0x080019b5   Thumb Code    34  printfa.o(i.__0sprintf)
    __1sprintf                               0x080019b5   Thumb Code     0  printfa.o(i.__0sprintf)
    __2sprintf                               0x080019b5   Thumb Code     0  printfa.o(i.__0sprintf)
    __c89sprintf                             0x080019b5   Thumb Code     0  printfa.o(i.__0sprintf)
    sprintf                                  0x080019b5   Thumb Code     0  printfa.o(i.__0sprintf)
    __ARM_fpclassify                         0x080019dd   Thumb Code    40  fpclassify.o(i.__ARM_fpclassify)
    __kernel_poly                            0x08001a05   Thumb Code   170  poly.o(i.__kernel_poly)
    __mathlib_dbl_divzero                    0x08001ab1   Thumb Code    12  dunder.o(i.__mathlib_dbl_divzero)
    __mathlib_dbl_infnan2                    0x08001ac1   Thumb Code     4  dunder.o(i.__mathlib_dbl_infnan2)
    __mathlib_dbl_invalid                    0x08001ac5   Thumb Code    12  dunder.o(i.__mathlib_dbl_invalid)
    __mathlib_dbl_overflow                   0x08001ad1   Thumb Code    14  dunder.o(i.__mathlib_dbl_overflow)
    __mathlib_dbl_underflow                  0x08001ae1   Thumb Code    10  dunder.o(i.__mathlib_dbl_underflow)
    __scatterload_copy                       0x08001af1   Thumb Code    14  handlers.o(i.__scatterload_copy)
    __scatterload_null                       0x08001aff   Thumb Code     2  handlers.o(i.__scatterload_null)
    __scatterload_zeroinit                   0x08001b01   Thumb Code    14  handlers.o(i.__scatterload_zeroinit)
    __set_errno                              0x08001b11   Thumb Code     6  errno.o(i.__set_errno)
    delay_init                               0x080023d9   Thumb Code    52  delay.o(i.delay_init)
    delay_ms                                 0x08002415   Thumb Code    56  delay.o(i.delay_ms)
    fputc                                    0x08002451   Thumb Code    32  usart.o(i.fputc)
    main                                     0x08002475   Thumb Code   230  main.o(i.main)
    pow                                      0x0800258d   Thumb Code  2512  pow.o(i.pow)
    sqrt                                     0x08002f65   Thumb Code    76  sqrt.o(i.sqrt)
    asc2_0806                                0x08002fb0   Data         552  oled.o(.constdata)
    asc2_1206                                0x080031d8   Data        1140  oled.o(.constdata)
    asc2_1608                                0x0800364c   Data        1520  oled.o(.constdata)
    asc2_2412                                0x08003c3c   Data        3420  oled.o(.constdata)
    Hzk1                                     0x08004998   Data         224  oled.o(.constdata)
    Hzk2                                     0x08004a78   Data          72  oled.o(.constdata)
    Hzk3                                     0x08004ac0   Data         128  oled.o(.constdata)
    Hzk4                                     0x08004b40   Data         512  oled.o(.constdata)
    __mathlib_zero                           0x08004dc8   Data           8  qnan.o(.constdata)
    Region$$Table$$Base                      0x08004dd0   Number         0  anon$$obj.o(Region$$Table)
    Region$$Table$$Limit                     0x08004df0   Number         0  anon$$obj.o(Region$$Table)
    value                                    0x20000000   Data           2  main.o(.data)
    ppm                                      0x20000004   Data           4  main.o(.data)
    __stdout                                 0x20000020   Data           4  stdout.o(.data)
    buff                                     0x20000028   Data          30  main.o(.bss)
    OLED_GRAM                                0x20000046   Data        1152  oled.o(.bss)
    __initial_sp                             0x200006c8   Data           0  startup_stm32f10x_md.o(STACK)



==============================================================================

Memory Map of the image

  Image Entry point : 0x080000ed

  Load Region LR_IROM1 (Base: 0x08000000, Size: 0x00004e18, Max: 0x00010000, ABSOLUTE)

    Execution Region ER_IROM1 (Exec base: 0x08000000, Load base: 0x08000000, Size: 0x00004df0, Max: 0x00010000, ABSOLUTE)

    Exec Addr    Load Addr    Size         Type   Attr      Idx    E Section Name        Object

    0x08000000   0x08000000   0x000000ec   Data   RO          590    RESET               startup_stm32f10x_md.o
    0x080000ec   0x080000ec   0x00000000   Code   RO         1357  * .ARM.Collect$$$$00000000  mc_w.l(entry.o)
    0x080000ec   0x080000ec   0x00000004   Code   RO         1664    .ARM.Collect$$$$00000001  mc_w.l(entry2.o)
    0x080000f0   0x080000f0   0x00000004   Code   RO         1667    .ARM.Collect$$$$00000004  mc_w.l(entry5.o)
    0x080000f4   0x080000f4   0x00000000   Code   RO         1669    .ARM.Collect$$$$00000008  mc_w.l(entry7b.o)
    0x080000f4   0x080000f4   0x00000000   Code   RO         1671    .ARM.Collect$$$$0000000A  mc_w.l(entry8b.o)
    0x080000f4   0x080000f4   0x00000008   Code   RO         1672    .ARM.Collect$$$$0000000B  mc_w.l(entry9a.o)
    0x080000fc   0x080000fc   0x00000000   Code   RO         1674    .ARM.Collect$$$$0000000D  mc_w.l(entry10a.o)
    0x080000fc   0x080000fc   0x00000000   Code   RO         1676    .ARM.Collect$$$$0000000F  mc_w.l(entry11a.o)
    0x080000fc   0x080000fc   0x00000004   Code   RO         1665    .ARM.Collect$$$$00002712  mc_w.l(entry2.o)
    0x08000100   0x08000100   0x0000001c   Code   RO          591    .text               startup_stm32f10x_md.o
    0x0800011c   0x0800011c   0x000000b0   Code   RO         1621    .text               mf_w.l(fadd.o)
    0x080001cc   0x080001cc   0x00000064   Code   RO         1623    .text               mf_w.l(fmul.o)
    0x08000230   0x08000230   0x0000007c   Code   RO         1625    .text               mf_w.l(fdiv.o)
    0x080002ac   0x080002ac   0x000000e4   Code   RO         1627    .text               mf_w.l(dmul.o)
    0x08000390   0x08000390   0x000000de   Code   RO         1629    .text               mf_w.l(ddiv.o)
    0x0800046e   0x0800046e   0x0000000a   Code   RO         1631    .text               mf_w.l(ffltui.o)
    0x08000478   0x08000478   0x00000026   Code   RO         1633    .text               mf_w.l(f2d.o)
    0x0800049e   0x0800049e   0x00000038   Code   RO         1635    .text               mf_w.l(d2f.o)
    0x080004d6   0x080004d6   0x0000002c   Code   RO         1679    .text               mc_w.l(uidiv.o)
    0x08000502   0x08000502   0x00000062   Code   RO         1681    .text               mc_w.l(uldiv.o)
    0x08000564   0x08000564   0x00000000   Code   RO         1690    .text               mc_w.l(iusefp.o)
    0x08000564   0x08000564   0x0000006e   Code   RO         1691    .text               mf_w.l(fepilogue.o)
    0x080005d2   0x080005d2   0x000000ba   Code   RO         1693    .text               mf_w.l(depilogue.o)
    0x0800068c   0x0800068c   0x0000014e   Code   RO         1695    .text               mf_w.l(dadd.o)
    0x080007da   0x080007da   0x0000002e   Code   RO         1697    .text               mf_w.l(dscalb.o)
    0x08000808   0x08000808   0x00000022   Code   RO         1699    .text               mf_w.l(dflti.o)
    0x0800082a   0x0800082a   0x00000030   Code   RO         1701    .text               mf_w.l(dfixul.o)
    0x0800085a   0x0800085a   0x00000002   PAD
    0x0800085c   0x0800085c   0x00000030   Code   RO         1703    .text               mf_w.l(cdrcmple.o)
    0x0800088c   0x0800088c   0x00000024   Code   RO         1705    .text               mc_w.l(init.o)
    0x080008b0   0x080008b0   0x0000001e   Code   RO         1707    .text               mc_w.l(llshl.o)
    0x080008ce   0x080008ce   0x00000020   Code   RO         1709    .text               mc_w.l(llushr.o)
    0x080008ee   0x080008ee   0x00000024   Code   RO         1711    .text               mc_w.l(llsshr.o)
    0x08000912   0x08000912   0x000000a2   Code   RO         1713    .text               mf_w.l(dsqrt.o)
    0x080009b4   0x080009b4   0x00000016   Code   RO         1131    i.ADC_Cmd           stm32f10x_adc.o
    0x080009ca   0x080009ca   0x00000014   Code   RO         1139    i.ADC_GetCalibrationStatus  stm32f10x_adc.o
    0x080009de   0x080009de   0x00000008   Code   RO         1140    i.ADC_GetConversionValue  stm32f10x_adc.o
    0x080009e6   0x080009e6   0x00000012   Code   RO         1142    i.ADC_GetFlagStatus  stm32f10x_adc.o
    0x080009f8   0x080009f8   0x00000014   Code   RO         1145    i.ADC_GetResetCalibrationStatus  stm32f10x_adc.o
    0x08000a0c   0x08000a0c   0x00000034   Code   RO          560    i.ADC_GetValue      adcx.o
    0x08000a40   0x08000a40   0x00000050   Code   RO         1149    i.ADC_Init          stm32f10x_adc.o
    0x08000a90   0x08000a90   0x000000b8   Code   RO         1153    i.ADC_RegularChannelConfig  stm32f10x_adc.o
    0x08000b48   0x08000b48   0x0000000a   Code   RO         1154    i.ADC_ResetCalibration  stm32f10x_adc.o
    0x08000b52   0x08000b52   0x00000016   Code   RO         1156    i.ADC_SoftwareStartConvCmd  stm32f10x_adc.o
    0x08000b68   0x08000b68   0x0000000a   Code   RO         1158    i.ADC_StartCalibration  stm32f10x_adc.o
    0x08000b72   0x08000b72   0x00000002   PAD
    0x08000b74   0x08000b74   0x0000006c   Code   RO          561    i.ADCx_Init         adcx.o
    0x08000be0   0x08000be0   0x00000004   Code   RO            1    i.BusFault_Handler  stm32f10x_it.o
    0x08000be4   0x08000be4   0x00000002   Code   RO            2    i.DebugMon_Handler  stm32f10x_it.o
    0x08000be6   0x08000be6   0x00000116   Code   RO          817    i.GPIO_Init         stm32f10x_gpio.o
    0x08000cfc   0x08000cfc   0x00000012   Code   RO          823    i.GPIO_ReadOutputDataBit  stm32f10x_gpio.o
    0x08000d0e   0x08000d0e   0x00000004   Code   RO          824    i.GPIO_ResetBits    stm32f10x_gpio.o
    0x08000d12   0x08000d12   0x00000004   Code   RO          825    i.GPIO_SetBits      stm32f10x_gpio.o
    0x08000d16   0x08000d16   0x0000000a   Code   RO          828    i.GPIO_WriteBit     stm32f10x_gpio.o
    0x08000d20   0x08000d20   0x00000004   Code   RO            3    i.HardFault_Handler  stm32f10x_it.o
    0x08000d24   0x08000d24   0x00000010   Code   RO          296    i.IIC_delay         oled.o
    0x08000d34   0x08000d34   0x00000034   Code   RO          234    i.LED_Init          led.o
    0x08000d68   0x08000d68   0x00000014   Code   RO          236    i.LED_On            led.o
    0x08000d7c   0x08000d7c   0x00000024   Code   RO          237    i.LED_Toggle        led.o
    0x08000da0   0x08000da0   0x0000000c   Code   RO          450    i.MQ135_ADC_Read    mq135.o
    0x08000dac   0x08000dac   0x00000026   Code   RO          451    i.MQ135_GetData     mq135.o
    0x08000dd2   0x08000dd2   0x00000002   PAD
    0x08000dd4   0x08000dd4   0x000000ec   Code   RO          452    i.MQ135_GetData_PPM  mq135.o
    0x08000ec0   0x08000ec0   0x00000028   Code   RO          453    i.MQ135_Init        mq135.o
    0x08000ee8   0x08000ee8   0x00000004   Code   RO            4    i.MemManage_Handler  stm32f10x_it.o
    0x08000eec   0x08000eec   0x00000002   Code   RO            5    i.NMI_Handler       stm32f10x_it.o
    0x08000eee   0x08000eee   0x00000002   PAD
    0x08000ef0   0x08000ef0   0x00000030   Code   RO          297    i.OLED_Clear        oled.o
    0x08000f20   0x08000f20   0x00000078   Code   RO          304    i.OLED_DrawPoint    oled.o
    0x08000f98   0x08000f98   0x0000003c   Code   RO          305    i.OLED_I2C_Start    oled.o
    0x08000fd4   0x08000fd4   0x0000002c   Code   RO          306    i.OLED_I2C_Stop     oled.o
    0x08001000   0x08001000   0x00000034   Code   RO          307    i.OLED_I2C_WaitAck  oled.o
    0x08001034   0x08001034   0x0000012c   Code   RO          308    i.OLED_Init         oled.o
    0x08001160   0x08001160   0x00000016   Code   RO          309    i.OLED_Pow          oled.o
    0x08001176   0x08001176   0x00000002   PAD
    0x08001178   0x08001178   0x00000068   Code   RO          310    i.OLED_Refresh      oled.o
    0x080011e0   0x080011e0   0x00000054   Code   RO          312    i.OLED_Send_Byte    oled.o
    0x08001234   0x08001234   0x00000140   Code   RO          313    i.OLED_ShowChar     oled.o
    0x08001374   0x08001374   0x00000108   Code   RO          314    i.OLED_ShowChinese  oled.o
    0x0800147c   0x0800147c   0x00000094   Code   RO          315    i.OLED_ShowNum      oled.o
    0x08001510   0x08001510   0x0000004e   Code   RO          317    i.OLED_ShowString   oled.o
    0x0800155e   0x0800155e   0x00000038   Code   RO          318    i.OLED_WR_Byte      oled.o
    0x08001596   0x08001596   0x00000002   Code   RO            6    i.PendSV_Handler    stm32f10x_it.o
    0x08001598   0x08001598   0x00000018   Code   RO          925    i.RCC_ADCCLKConfig  stm32f10x_rcc.o
    0x080015b0   0x080015b0   0x00000020   Code   RO          929    i.RCC_APB2PeriphClockCmd  stm32f10x_rcc.o
    0x080015d0   0x080015d0   0x000000d4   Code   RO          937    i.RCC_GetClocksFreq  stm32f10x_rcc.o
    0x080016a4   0x080016a4   0x00000002   Code   RO            7    i.SVC_Handler       stm32f10x_it.o
    0x080016a6   0x080016a6   0x00000008   Code   RO          152    i.SetSysClock       system_stm32f10x.o
    0x080016ae   0x080016ae   0x00000002   PAD
    0x080016b0   0x080016b0   0x000000e0   Code   RO          153    i.SetSysClockTo72   system_stm32f10x.o
    0x08001790   0x08001790   0x00000028   Code   RO          599    i.SysTick_CLKSourceConfig  misc.o
    0x080017b8   0x080017b8   0x00000002   Code   RO            8    i.SysTick_Handler   stm32f10x_it.o
    0x080017ba   0x080017ba   0x00000002   PAD
    0x080017bc   0x080017bc   0x00000060   Code   RO          155    i.SystemInit        system_stm32f10x.o
    0x0800181c   0x0800181c   0x0000007c   Code   RO          506    i.USART1_Config     usart.o
    0x08001898   0x08001898   0x00000018   Code   RO          635    i.USART_Cmd         stm32f10x_usart.o
    0x080018b0   0x080018b0   0x000000d8   Code   RO          642    i.USART_Init        stm32f10x_usart.o
    0x08001988   0x08001988   0x00000008   Code   RO          652    i.USART_SendData    stm32f10x_usart.o
    0x08001990   0x08001990   0x00000004   Code   RO            9    i.UsageFault_Handler  stm32f10x_it.o
    0x08001994   0x08001994   0x00000020   Code   RO         1593    i.__0printf         mc_w.l(printfa.o)
    0x080019b4   0x080019b4   0x00000028   Code   RO         1595    i.__0sprintf        mc_w.l(printfa.o)
    0x080019dc   0x080019dc   0x00000028   Code   RO         1651    i.__ARM_fpclassify  m_ws.l(fpclassify.o)
    0x08001a04   0x08001a04   0x000000aa   Code   RO         1653    i.__kernel_poly     m_ws.l(poly.o)
    0x08001aae   0x08001aae   0x00000002   PAD
    0x08001ab0   0x08001ab0   0x00000010   Code   RO         1637    i.__mathlib_dbl_divzero  m_ws.l(dunder.o)
    0x08001ac0   0x08001ac0   0x00000004   Code   RO         1639    i.__mathlib_dbl_infnan2  m_ws.l(dunder.o)
    0x08001ac4   0x08001ac4   0x0000000c   Code   RO         1640    i.__mathlib_dbl_invalid  m_ws.l(dunder.o)
    0x08001ad0   0x08001ad0   0x0000000e   Code   RO         1641    i.__mathlib_dbl_overflow  m_ws.l(dunder.o)
    0x08001ade   0x08001ade   0x00000002   PAD
    0x08001ae0   0x08001ae0   0x00000010   Code   RO         1643    i.__mathlib_dbl_underflow  m_ws.l(dunder.o)
    0x08001af0   0x08001af0   0x0000000e   Code   RO         1719    i.__scatterload_copy  mc_w.l(handlers.o)
    0x08001afe   0x08001afe   0x00000002   Code   RO         1720    i.__scatterload_null  mc_w.l(handlers.o)
    0x08001b00   0x08001b00   0x0000000e   Code   RO         1721    i.__scatterload_zeroinit  mc_w.l(handlers.o)
    0x08001b0e   0x08001b0e   0x00000002   PAD
    0x08001b10   0x08001b10   0x0000000c   Code   RO         1685    i.__set_errno       mc_w.l(errno.o)
    0x08001b1c   0x08001b1c   0x00000184   Code   RO         1600    i._fp_digits        mc_w.l(printfa.o)
    0x08001ca0   0x08001ca0   0x000006dc   Code   RO         1601    i._printf_core      mc_w.l(printfa.o)
    0x0800237c   0x0800237c   0x00000024   Code   RO         1602    i._printf_post_padding  mc_w.l(printfa.o)
    0x080023a0   0x080023a0   0x0000002e   Code   RO         1603    i._printf_pre_padding  mc_w.l(printfa.o)
    0x080023ce   0x080023ce   0x0000000a   Code   RO         1605    i._sputc            mc_w.l(printfa.o)
    0x080023d8   0x080023d8   0x0000003c   Code   RO          480    i.delay_init        delay.o
    0x08002414   0x08002414   0x0000003c   Code   RO          481    i.delay_ms          delay.o
    0x08002450   0x08002450   0x00000024   Code   RO          507    i.fputc             usart.o
    0x08002474   0x08002474   0x00000118   Code   RO          186    i.main              main.o
    0x0800258c   0x0800258c   0x000009d8   Code   RO         1348    i.pow               m_ws.l(pow.o)
    0x08002f64   0x08002f64   0x0000004c   Code   RO         1657    i.sqrt              m_ws.l(sqrt.o)
    0x08002fb0   0x08002fb0   0x00001d90   Data   RO          320    .constdata          oled.o
    0x08004d40   0x08004d40   0x00000088   Data   RO         1349    .constdata          m_ws.l(pow.o)
    0x08004dc8   0x08004dc8   0x00000008   Data   RO         1655    .constdata          m_ws.l(qnan.o)
    0x08004dd0   0x08004dd0   0x00000020   Data   RO         1717    Region$$Table       anon$$obj.o


    Execution Region RW_IRAM1 (Exec base: 0x20000000, Load base: 0x08004df0, Size: 0x000006c8, Max: 0x00005000, ABSOLUTE)

    Exec Addr    Load Addr    Size         Type   Attr      Idx    E Section Name        Object

    0x20000000   0x08004df0   0x00000008   Data   RW          188    .data               main.o
    0x20000008   0x08004df8   0x00000004   Data   RW          483    .data               delay.o
    0x2000000c   0x08004dfc   0x00000014   Data   RW          957    .data               stm32f10x_rcc.o
    0x20000020   0x08004e10   0x00000004   Data   RW         1678    .data               mc_w.l(stdout.o)
    0x20000024   0x08004e14   0x00000004   Data   RW         1686    .data               mc_w.l(errno.o)
    0x20000028        -       0x0000001e   Zero   RW          187    .bss                main.o
    0x20000046        -       0x00000480   Zero   RW          319    .bss                oled.o
    0x200004c6   0x08004e18   0x00000002   PAD
    0x200004c8        -       0x00000200   Zero   RW          588    STACK               startup_stm32f10x_md.o


==============================================================================

Image component sizes


      Code (inc. data)   RO Data    RW Data    ZI Data      Debug   Object Name

       160          8          0          0          0       1239   adcx.o
       120         12          0          4          0       1364   delay.o
       108         14          0          0          0     212309   led.o
       280         50          0          8         30       1368   main.o
        40          0          0          0          0        566   misc.o
       326         32          0          0          0       2462   mq135.o
      1716         76       7568          0       1152      11876   oled.o
        28          4        236          0        512        812   startup_stm32f10x_md.o
       394         10          0          0          0       8485   stm32f10x_adc.o
       314          0          0          0          0       4489   stm32f10x_gpio.o
        26          0          0          0          0     233582   stm32f10x_it.o
       268         32          0         20          0       4620   stm32f10x_rcc.o
       248          6          0          0          0       3550   stm32f10x_usart.o
         0          0          0          0          0         32   sys.o
       328         28          0          0          0       1969   system_stm32f10x.o
       160         14          0          0          0       3016   usart.o

    ----------------------------------------------------------------------
      4528        286       7836         32       1696     491739   Object Totals
         0          0         32          0          0          0   (incl. Generated)
        12          0          0          0          2          0   (incl. Padding)

    ----------------------------------------------------------------------

      Code (inc. data)   RO Data    RW Data    ZI Data      Debug   Library Member Name

        62         10          0          0          0        340   dunder.o
        40          0          0          0          0         68   fpclassify.o
       170          0          0          0          0         96   poly.o
      2520        190        136          0          0        324   pow.o
         0          0          8          0          0          0   qnan.o
        76          0          0          0          0         84   sqrt.o
         0          0          0          0          0          0   entry.o
         0          0          0          0          0          0   entry10a.o
         0          0          0          0          0          0   entry11a.o
         8          4          0          0          0          0   entry2.o
         4          0          0          0          0          0   entry5.o
         0          0          0          0          0          0   entry7b.o
         0          0          0          0          0          0   entry8b.o
         8          4          0          0          0          0   entry9a.o
        12          6          0          4          0         68   errno.o
        30          0          0          0          0          0   handlers.o
        36          8          0          0          0         68   init.o
         0          0          0          0          0          0   iusefp.o
        30          0          0          0          0         68   llshl.o
        36          0          0          0          0         68   llsshr.o
        32          0          0          0          0         68   llushr.o
      2308         96          0          0          0        604   printfa.o
         0          0          0          4          0          0   stdout.o
        44          0          0          0          0         80   uidiv.o
        98          0          0          0          0         92   uldiv.o
        48          0          0          0          0         68   cdrcmple.o
        56          0          0          0          0         88   d2f.o
       334          0          0          0          0        148   dadd.o
       222          0          0          0          0        100   ddiv.o
       186          0          0          0          0        176   depilogue.o
        48          0          0          0          0         68   dfixul.o
        34          0          0          0          0         76   dflti.o
       228          0          0          0          0         96   dmul.o
        46          0          0          0          0         80   dscalb.o
       162          0          0          0          0        100   dsqrt.o
        38          0          0          0          0         68   f2d.o
       176          0          0          0          0        140   fadd.o
       124          0          0          0          0         88   fdiv.o
       110          0          0          0          0        168   fepilogue.o
        10          0          0          0          0         68   ffltui.o
       100          0          0          0          0         76   fmul.o

    ----------------------------------------------------------------------
      7444        318        144          8          0       3636   Library Totals
         8          0          0          0          0          0   (incl. Padding)

    ----------------------------------------------------------------------

      Code (inc. data)   RO Data    RW Data    ZI Data      Debug   Library Name

      2868        200        144          0          0        912   m_ws.l
      2646        118          0          8          0       1116   mc_w.l
      1922          0          0          0          0       1608   mf_w.l

    ----------------------------------------------------------------------
      7444        318        144          8          0       3636   Library Totals

    ----------------------------------------------------------------------

==============================================================================


      Code (inc. data)   RO Data    RW Data    ZI Data      Debug   

     11972        604       7980         40       1696     490535   Grand Totals
     11972        604       7980         40       1696     490535   ELF Image Totals
     11972        604       7980         40          0          0   ROM Totals

==============================================================================

    Total RO  Size (Code + RO Data)                19952 (  19.48kB)
    Total RW  Size (RW Data + ZI Data)              1736 (   1.70kB)
    Total ROM Size (Code + RO Data + RW Data)      19992 (  19.52kB)

==============================================================================

